<html>
<body>
<pre>
<h1>µVision Build Log</h1>
<h2>Project:</h2>
C:\Users\Nick\Desktop\DJ-Setup\DJ-Setup\Lab11REMASTERED\TwoButtonPoll.uvproj
Project File Date:  06/30/2016

<h2>Output:</h2>
Rebuild target 'TwoButtonPoll'
assembling startup.s...
compiling DAC.c...
DAC.c(101): warning:  #1-D: last line of file ends without a newline
  } 
DAC.c: 1 warning, 0 errors
compiling Lab5.c...
LCDTests.h(83): warning:  #223-D: function "rand" declared implicitly
                if(rand()% 2 == 1){
LCDTests.h(98): warning:  #223-D: function "rand" declared implicitly
                if(rand()% 2 == 1){
LCDTests.h(113): warning:  #223-D: function "rand" declared implicitly
                if(rand()% 2 == 1){
LCDTests.h(128): warning:  #223-D: function "rand" declared implicitly
                if(rand()% 2 == 1){
LCDTests.h(143): warning:  #223-D: function "rand" declared implicitly
                if(rand()% 2 == 1){
LCDTests.h(158): warning:  #223-D: function "rand" declared implicitly
                if(rand()% 2 == 1){
LCDTests.h(173): warning:  #223-D: function "rand" declared implicitly
                if(rand()% 2 == 1){
LCDTests.h(188): warning:  #223-D: function "rand" declared implicitly
                if(rand()% 2 == 1){
LCDTests.h(203): warning:  #223-D: function "rand" declared implicitly
                if(rand()% 2 == 1){
Lab5.c: 9 warnings, 0 errors
compiling Music.c...
Music.c(21): warning:  #550-D: variable "testInstr" was set but never used
                const unsigned short *testInstr;
Music.c: 1 warning, 0 errors
compiling PLL.c...
compiling Switch.c...
compiling Timer0A.c...
compiling SysTick.c...
compiling Timer1A.c...
compiling SSD2119.c...
assembling random.s...
linking...
Program Size: Code=11580 RO-data=1660 RW-data=1356 ZI-data=1348  
".\TwoButtonPoll.axf" - 0 Error(s), 11 Warning(s).
Load "C:\\Users\\Nick\\Desktop\\DJ-Setup\\DJ-Setup\\Lab11REMASTERED\\TwoButtonPoll.axf" 
Connecting: Mode=JTAG, Speed=1000000Hz
Erase Done.
Programming Done.
Verify OK.

Connecting: Mode=JTAG, Speed=1000000Hz
Erase Done.
Programming Done.
Verify OK.
\\TwoButtonPoll.axf" 
Connecting: Mode=JTAG, Speed=1000000Hz
Erase Done.
Programming Done.
Verify OK.
