<html>
<body>
<pre>
<h1>µVision Build Log</h1>
<h2>Project:</h2>
C:\Users\Nick\Desktop\EE445L-Projects\Lab11REMASTERED\TwoButtonPoll.uvproj
Project File Date:  12/01/2014

<h2>Output:</h2>
Rebuild target 'TwoButtonPoll'
assembling startup.s...
compiling DAC.c...
DAC.c(101): warning:  #1-D: last line of file ends without a newline
  } 
DAC.c: 1 warning, 0 errors
compiling Lab5.c...
compiling Music.c...
Music.c(26): warning:  #223-D: function "plotImage" declared implicitly
                        plotImage();
Music.c(31): warning:  #223-D: function "plotImage" declared implicitly
                        plotImage();
Music.c(38): warning:  #223-D: function "plotImage" declared implicitly
                        plotImage();
Music.c(45): warning:  #223-D: function "plotImage" declared implicitly
                        plotImage();
Music.c(52): warning:  #223-D: function "plotImage" declared implicitly
                        plotImage();
Music.c(59): warning:  #223-D: function "plotImage" declared implicitly
                        plotImage();
Music.c(21): warning:  #550-D: variable "testInstr" was set but never used
                const unsigned short *testInstr;
Music.c: 7 warnings, 0 errors
compiling PLL.c...
compiling ST7735.c...
compiling Switch.c...
compiling Timer0A.c...
compiling SysTick.c...
compiling Timer1A.c...
compiling plotImage.c...
plotImage.c(302): warning:  #1-D: last line of file ends without a newline
  }
plotImage.c: 1 warning, 0 errors
linking...
Program Size: Code=7288 RO-data=2436 RW-data=1332 ZI-data=1348  
".\TwoButtonPoll.axf" - 0 Error(s), 9 Warning(s).
Load "C:\\Users\\Nick\\Desktop\\EE445L-Projects\\Lab11REMASTERED\\TwoButtonPoll.axf" 
Connecting: Mode=JTAG, Speed=1000000Hz
Erase Done.
Programming Done.
Verify OK.
m4c123gh6pm.h"
Switch.c: 0 warnings, 1 error
compiling Timer0A.c...
Timer0A.c(29): error:  #5: cannot open source input file "..//inc//tm4c123gh6pm.h": No such file or directory
  #include "..//inc//tm4c123gh6pm.h"
Timer0A.c: 0 warnings, 1 error
compiling SysTick.c...
SysTick.c(33): error:  #5: cannot open source input file "inc/tm4c123gh6pm.h": No such file or directory
  #include "inc/tm4c123gh6pm.h"
SysTick.c: 0 warnings, 1 error
compiling Timer1A.c...
Timer1A.c(29): error:  #5: cannot open source input file "..//inc//tm4c123gh6pm.h": No such file or directory
  #include "..//inc//tm4c123gh6pm.h"
Timer1A.c: 0 warnings, 1 error
compiling plotImage.c...
plotImage.c(302): warning:  #1-D: last line of file ends without a newline
  }
plotImage.c: 1 warning, 0 errors
".\TwoButtonPoll.axf" - 7 Error(s), 8 Warning(s).
Target not created
