ARM Linker, 5.03 [Build 76] [MDK-ARM Lite]

==============================================================================

Section Cross References

    startup.o(STACK) refers (Special) to heapauxi.o(.text) for __use_two_region_memory
    startup.o(HEAP) refers (Special) to heapauxi.o(.text) for __use_two_region_memory
    startup.o(RESET) refers (Special) to heapauxi.o(.text) for __use_two_region_memory
    startup.o(RESET) refers to startup.o(STACK) for StackMem
    startup.o(RESET) refers to systick.o(i.SysTick_Handler) for SysTick_Handler
    startup.o(RESET) refers to ssd2119.o(i.GPIOPortA_Handler) for GPIOPortA_Handler
    startup.o(RESET) refers to timer0a.o(i.Timer0A_Handler) for Timer0A_Handler
    startup.o(RESET) refers to timer1a.o(i.Timer1A_Handler) for Timer1A_Handler
    startup.o(RESET) refers to __main.o(!!!main) for __main
    startup.o(.text) refers (Special) to heapauxi.o(.text) for __use_two_region_memory
    startup.o(.text) refers to startup.o(HEAP) for HeapMem
    startup.o(.text) refers to startup.o(STACK) for StackMem
    dac.o(i.DAC_Out) refers to dac.o(i.delay) for delay
    dac.o(i.delay) refers to dac.o(.data) for h
    lab5.o(i.BWWaitFill) refers to ssd2119.o(i.convertColor) for convertColor
    lab5.o(i.BWWaitFill) refers to ssd2119.o(i.LCD_ColorFill) for LCD_ColorFill
    lab5.o(i.BWWaitFill) refers to lab5.o(.data) for i
    lab5.o(i.BlastChars) refers to ssd2119.o(i.LCD_SetCursor) for LCD_SetCursor
    lab5.o(i.BlastChars) refers to random.o(.text) for Random
    lab5.o(i.BlastChars) refers to ssd2119.o(i.LCD_PrintChar) for LCD_PrintChar
    lab5.o(i.Buttons_Init) refers to ssd2119.o(i.convertColor) for convertColor
    lab5.o(i.Buttons_Init) refers to ssd2119.o(i.LCD_DrawFilledRect) for LCD_DrawFilledRect
    lab5.o(i.CircleButtons) refers to ssd2119.o(i.LCD_DrawFilledCircle) for LCD_DrawFilledCircle
    lab5.o(i.DestabilizeBars) refers to lab5.o(i.dlay) for dlay
    lab5.o(i.DestabilizeBars) refers to ssd2119.o(i.convertColor) for convertColor
    lab5.o(i.DestabilizeBars) refers to ssd2119.o(i.LCD_DrawFilledRect) for LCD_DrawFilledRect
    lab5.o(i.DestabilizeBars) refers to lab5.o(.data) for y1
    lab5.o(i.FinishBars) refers to lab5.o(i.dlay) for dlay
    lab5.o(i.FinishBars) refers to ssd2119.o(i.convertColor) for convertColor
    lab5.o(i.FinishBars) refers to ssd2119.o(i.LCD_DrawFilledRect) for LCD_DrawFilledRect
    lab5.o(i.FinishBars) refers to lab5.o(.data) for y1
    lab5.o(i.InitializeBars) refers to ssd2119.o(i.convertColor) for convertColor
    lab5.o(i.InitializeBars) refers to ssd2119.o(i.LCD_DrawFilledRect) for LCD_DrawFilledRect
    lab5.o(i.LineSpin) refers to random.o(.text) for Random
    lab5.o(i.LineSpin) refers to ssd2119.o(i.convertColor) for convertColor
    lab5.o(i.LineSpin) refers to ssd2119.o(i.LCD_DrawLine) for LCD_DrawLine
    lab5.o(i.LineSpin) refers to lab5.o(.data) for x
    lab5.o(i.MovingColorBars) refers to lab5.o(i.dlay) for dlay
    lab5.o(i.MovingColorBars) refers to rand.o(.emb_text) for rand
    lab5.o(i.MovingColorBars) refers to ssd2119.o(i.convertColor) for convertColor
    lab5.o(i.MovingColorBars) refers to ssd2119.o(i.LCD_DrawFilledRect) for LCD_DrawFilledRect
    lab5.o(i.MovingColorBars) refers to lab5.o(.data) for y1
    lab5.o(i.PrintAsciiChars) refers to ssd2119.o(i.LCD_SetCursor) for LCD_SetCursor
    lab5.o(i.PrintAsciiChars) refers to ssd2119.o(i.LCD_PrintChar) for LCD_PrintChar
    lab5.o(i.Random4BPPTestSprite) refers to random.o(.text) for Random
    lab5.o(i.Random4BPPTestSprite) refers to ssd2119.o(i.LCD_DrawImage) for LCD_DrawImage
    lab5.o(i.Random4BPPTestSprite) refers to lab5.o(.constdata) for testSprite4BPP
    lab5.o(i.RandomCircle) refers to random.o(.text) for Random
    lab5.o(i.RandomCircle) refers to ssd2119.o(i.LCD_DrawFilledCircle) for LCD_DrawFilledCircle
    lab5.o(i.RandomColorFill) refers to random.o(.text) for Random
    lab5.o(i.RandomColorFill) refers to ssd2119.o(i.convertColor) for convertColor
    lab5.o(i.RandomColorFill) refers to ssd2119.o(i.LCD_WriteData) for LCD_WriteData
    lab5.o(i.RandomRectangles) refers to random.o(.text) for Random
    lab5.o(i.RandomRectangles) refers to ssd2119.o(i.convertColor) for convertColor
    lab5.o(i.RandomRectangles) refers to ssd2119.o(i.LCD_DrawRect) for LCD_DrawRect
    lab5.o(i.TestStringOutput) refers to ssd2119.o(i.LCD_SetCursor) for LCD_SetCursor
    lab5.o(i.TestStringOutput) refers to ssd2119.o(i.LCD_PrintString) for LCD_PrintString
    lab5.o(i.TestStringOutput) refers to lab5.o(.constdata) for .constdata
    lab5.o(i.charTest) refers to ssd2119.o(i.LCD_Goto) for LCD_Goto
    lab5.o(i.charTest) refers to ssd2119.o(i.printf) for printf
    lab5.o(i.main) refers to lab5.o(i.HeartBeat_Init) for HeartBeat_Init
    lab5.o(i.main) refers to dac.o(i.DAC_Init) for DAC_Init
    lab5.o(i.main) refers to timer0a.o(i.Timer0A_Init) for Timer0A_Init
    lab5.o(i.main) refers to ssd2119.o(i.LCD_Init) for LCD_Init
    lab5.o(i.main) refers to random.o(.text) for Random_Init
    lab5.o(i.main) refers to ssd2119.o(i.Touch_Init) for Touch_Init
    lab5.o(i.main) refers to lab5.o(i.InitializeBars) for InitializeBars
    lab5.o(i.main) refers to lab5.o(i.MovingColorBars) for MovingColorBars
    lab5.o(i.main) refers to lab5.o(i.DestabilizeBars) for DestabilizeBars
    lab5.o(i.main) refers to lab5.o(i.FinishBars) for FinishBars
    lab5.o(i.main) refers to lab5.o(i.Random4BPPTestSprite) for Random4BPPTestSprite
    lab5.o(i.main) refers to ssd2119.o(i.convertColor) for convertColor
    lab5.o(i.main) refers to ssd2119.o(i.LCD_ColorFill) for LCD_ColorFill
    lab5.o(i.main) refers to lab5.o(i.Buttons_Init) for Buttons_Init
    lab5.o(i.main) refers to music.o(i.Music_Play) for Music_Play
    lab5.o(i.main) refers to music.o(.constdata) for dt
    lab5.o(i.main) refers to lab5.o(.data) for i
    lab5.o(i.main) refers to music.o(.data) for strobePtr
    lab5.o(i.printfTest) refers to ssd2119.o(i.LCD_SetCursor) for LCD_SetCursor
    lab5.o(i.printfTest) refers to ssd2119.o(i.printf) for printf
    lab5.o(i.printfTest) refers to lab5.o(.data) for i
    lab5.o(i.sizeofStuff) refers to ssd2119.o(i.printf) for printf
    lab5.o(i.touchDebug) refers to ssd2119.o(i.Touch_ReadY) for Touch_ReadY
    lab5.o(i.touchDebug) refers to ssd2119.o(i.Touch_ReadX) for Touch_ReadX
    lab5.o(i.touchDebug) refers to ssd2119.o(i.Touch_ReadZ1) for Touch_ReadZ1
    lab5.o(i.touchDebug) refers to ssd2119.o(i.Touch_ReadZ2) for Touch_ReadZ2
    lab5.o(i.touchDebug) refers to ssd2119.o(i.Touch_GetCoords) for Touch_GetCoords
    lab5.o(i.touchDebug) refers to random.o(.text) for Random
    lab5.o(i.touchDebug) refers to ssd2119.o(i.convertColor) for convertColor
    lab5.o(i.touchDebug) refers to ssd2119.o(i.LCD_DrawFilledRect) for LCD_DrawFilledRect
    lab5.o(i.touchDebug) refers to lab5.o(.data) for yVal
    lab5.o(i.touchDebug) refers to switch.o(.data) for eNote
    music.o(i.Music_Play) refers to switch.o(i.resetSwitches) for resetSwitches
    music.o(i.Music_Play) refers to timer0a.o(i.Timer0A_Init) for Timer0A_Init
    music.o(i.Music_Play) refers to timer1a.o(i.Timer1A_Init) for Timer1A_Init
    music.o(i.Music_Play) refers to systick.o(i.SysTick_Init) for SysTick_Init
    music.o(i.Music_Play) refers to dac.o(i.DAC_Out) for DAC_Out
    music.o(i.Music_Play) refers to switch.o(.data) for play
    music.o(i.Music_Play) refers to music.o(.data) for demoPtr
    music.o(i.Music_Play) refers to timer0a.o(.data) for lenPush
    music.o(i.Music_Play) refers to systick.o(.data) for notePush
    switch.o(i.resetSwitches) refers to switch.o(.data) for play
    timer0a.o(i.Timer0A_Handler) refers to timer0a.o(.data) for counter
    timer0a.o(i.Timer0A_Init) refers to startup.o(.text) for StartCritical
    timer0a.o(i.Timer0A_Init) refers to timer0a.o(.data) for lenPush
    systick.o(i.SysTick_Handler) refers to systick.o(.data) for notePush
    systick.o(i.SysTick_Init) refers to systick.o(.data) for notePush
    timer1a.o(i.Timer1A_Handler) refers to lab5.o(i.touchDebug) for touchDebug
    timer1a.o(i.Timer1A_Handler) refers to timer1a.o(.data) for count1
    timer1a.o(i.Timer1A_Init) refers to startup.o(.text) for StartCritical
    timer1a.o(i.Timer1A_Init) refers to timer1a.o(.data) for lenPush1
    ssd2119.o(i.LCD_ColorFill) refers to ssd2119.o(i.LCD_DrawFilledRect) for LCD_DrawFilledRect
    ssd2119.o(i.LCD_DrawBMP) refers to ssd2119.o(i.LCD_WriteCommand) for LCD_WriteCommand
    ssd2119.o(i.LCD_DrawBMP) refers to ssd2119.o(i.LCD_WriteData) for LCD_WriteData
    ssd2119.o(i.LCD_DrawBMP) refers to ssd2119.o(.constdata) for Color4
    ssd2119.o(i.LCD_DrawCircle) refers to ssd2119.o(i.LCD_DrawPixel) for LCD_DrawPixel
    ssd2119.o(i.LCD_DrawFilledCircle) refers to ssd2119.o(i.LCD_DrawPixel) for LCD_DrawPixel
    ssd2119.o(i.LCD_DrawFilledRect) refers to ssd2119.o(i.LCD_WriteCommand) for LCD_WriteCommand
    ssd2119.o(i.LCD_DrawFilledRect) refers to ssd2119.o(i.LCD_WriteData) for LCD_WriteData
    ssd2119.o(i.LCD_DrawImage) refers to ssd2119.o(i.LCD_WriteCommand) for LCD_WriteCommand
    ssd2119.o(i.LCD_DrawImage) refers to ssd2119.o(i.LCD_WriteData) for LCD_WriteData
    ssd2119.o(i.LCD_DrawLine) refers to ssd2119.o(i.LCD_DrawPixel) for LCD_DrawPixel
    ssd2119.o(i.LCD_DrawPixel) refers to ssd2119.o(i.LCD_WriteCommand) for LCD_WriteCommand
    ssd2119.o(i.LCD_DrawPixel) refers to ssd2119.o(i.LCD_WriteData) for LCD_WriteData
    ssd2119.o(i.LCD_DrawPixelRGB) refers to ssd2119.o(i.convertColor) for convertColor
    ssd2119.o(i.LCD_DrawPixelRGB) refers to ssd2119.o(i.LCD_DrawPixel) for LCD_DrawPixel
    ssd2119.o(i.LCD_DrawRect) refers to ssd2119.o(i.LCD_DrawLine) for LCD_DrawLine
    ssd2119.o(i.LCD_Goto) refers to ssd2119.o(i.LCD_SetCursor) for LCD_SetCursor
    ssd2119.o(i.LCD_Init) refers to ssd2119.o(i.LCD_GPIOInit) for LCD_GPIOInit
    ssd2119.o(i.LCD_Init) refers to ssd2119.o(i.LCD_WriteCommand) for LCD_WriteCommand
    ssd2119.o(i.LCD_Init) refers to ssd2119.o(i.LCD_WriteData) for LCD_WriteData
    ssd2119.o(i.LCD_Init) refers to ssd2119.o(i.LCD_SetCursor) for LCD_SetCursor
    ssd2119.o(i.LCD_Init) refers to ssd2119.o(i.LCD_SetTextColor) for LCD_SetTextColor
    ssd2119.o(i.LCD_PrintBinary) refers to ssd2119.o(i.LCD_PrintString) for LCD_PrintString
    ssd2119.o(i.LCD_PrintBinary) refers to ssd2119.o(i.LCD_PrintChar) for LCD_PrintChar
    ssd2119.o(i.LCD_PrintChar) refers to ssd2119.o(i.LCD_SetCursor) for LCD_SetCursor
    ssd2119.o(i.LCD_PrintChar) refers to ssd2119.o(i.LCD_DrawPixel) for LCD_DrawPixel
    ssd2119.o(i.LCD_PrintChar) refers to ssd2119.o(.data) for cursorY
    ssd2119.o(i.LCD_PrintChar) refers to ssd2119.o(.constdata) for ASCII
    ssd2119.o(i.LCD_PrintFloat) refers to f2d.o(x$fpl$f2d) for __aeabi_f2d
    ssd2119.o(i.LCD_PrintFloat) refers to ssd2119.o(i.printf) for printf
    ssd2119.o(i.LCD_PrintFloat) refers to ffix.o(x$fpl$ffix) for __aeabi_f2iz
    ssd2119.o(i.LCD_PrintFloat) refers to ssd2119.o(i.LCD_PrintChar) for LCD_PrintChar
    ssd2119.o(i.LCD_PrintHex) refers to ssd2119.o(i.LCD_PrintString) for LCD_PrintString
    ssd2119.o(i.LCD_PrintHex) refers to ssd2119.o(i.LCD_PrintChar) for LCD_PrintChar
    ssd2119.o(i.LCD_PrintInteger) refers to ssd2119.o(i.LCD_PrintChar) for LCD_PrintChar
    ssd2119.o(i.LCD_PrintString) refers to ssd2119.o(i.LCD_PrintChar) for LCD_PrintChar
    ssd2119.o(i.LCD_SetCursor) refers to ssd2119.o(.data) for cursorX
    ssd2119.o(i.LCD_SetTextColor) refers to ssd2119.o(i.convertColor) for convertColor
    ssd2119.o(i.LCD_SetTextColor) refers to ssd2119.o(.data) for textColor
    ssd2119.o(i.Touch_BeginWaitForTouch) refers to startup.o(.text) for DisableInterrupts
    ssd2119.o(i.Touch_GetCoords) refers to rt_memcpy_w.o(.text) for __aeabi_memcpy4
    ssd2119.o(i.Touch_GetCoords) refers to ssd2119.o(.constdata) for .constdata
    ssd2119.o(i.Touch_GetCoords) refers to ssd2119.o(.data) for Touch_XVal
    ssd2119.o(i.Touch_Init) refers to ssd2119.o(i.ADC_Init) for ADC_Init
    ssd2119.o(i.Touch_ReadX) refers to ssd2119.o(i.ADC_SetChannel) for ADC_SetChannel
    ssd2119.o(i.Touch_ReadX) refers to ssd2119.o(i.ADC_Read) for ADC_Read
    ssd2119.o(i.Touch_ReadX) refers to ssd2119.o(.data) for Touch_XVal
    ssd2119.o(i.Touch_ReadY) refers to ssd2119.o(i.ADC_SetChannel) for ADC_SetChannel
    ssd2119.o(i.Touch_ReadY) refers to ssd2119.o(i.ADC_Read) for ADC_Read
    ssd2119.o(i.Touch_ReadY) refers to ssd2119.o(.data) for Touch_YVal
    ssd2119.o(i.Touch_ReadZ1) refers to ssd2119.o(i.ADC_SetChannel) for ADC_SetChannel
    ssd2119.o(i.Touch_ReadZ1) refers to ssd2119.o(i.ADC_Read) for ADC_Read
    ssd2119.o(i.Touch_ReadZ2) refers to ssd2119.o(i.ADC_SetChannel) for ADC_SetChannel
    ssd2119.o(i.Touch_ReadZ2) refers to ssd2119.o(i.ADC_Read) for ADC_Read
    ssd2119.o(i.printf) refers to ssd2119.o(i.LCD_PrintInteger) for LCD_PrintInteger
    ssd2119.o(i.printf) refers to ssd2119.o(i.LCD_PrintChar) for LCD_PrintChar
    ssd2119.o(i.printf) refers to ssd2119.o(i.LCD_PrintString) for LCD_PrintString
    ssd2119.o(i.printf) refers to ssd2119.o(i.LCD_PrintFloat) for LCD_PrintFloat
    ssd2119.o(i.printf) refers to ssd2119.o(i.LCD_PrintHex) for LCD_PrintHex
    ssd2119.o(i.printf) refers to ssd2119.o(i.LCD_PrintBinary) for LCD_PrintBinary
    random.o(.text) refers to random.o(DATA) for M
    rand.o(.emb_text) refers (Special) to libinit2.o(.ARM.Collect$$libinit$$0000000B) for __rt_lib_init_rand_2
    rand.o(.emb_text) refers to rand.o(.text) for _rand_init
    rand.o(.emb_text) refers to rand.o(.bss) for _random_number_data
    rand.o(.text) refers (Special) to libinit2.o(.ARM.Collect$$libinit$$0000000B) for __rt_lib_init_rand_2
    rand.o(.text) refers to rand.o(.bss) for .bss
    rand.o(.bss) refers (Special) to libinit2.o(.ARM.Collect$$libinit$$0000000B) for __rt_lib_init_rand_2
    __main.o(!!!main) refers to rtentry.o(.ARM.Collect$$rtentry$$00000000) for __rt_entry
    f2d.o(x$fpl$f2d) refers (Special) to usenofp.o(x$fpl$usenofp) for __I$use$fp
    f2d.o(x$fpl$f2d) refers to fnaninf.o(x$fpl$fnaninf) for __fpl_fnaninf
    f2d.o(x$fpl$f2d) refers to dretinf.o(x$fpl$dretinf) for __fpl_dretinf
    ffix.o(x$fpl$ffix) refers (Special) to usenofp.o(x$fpl$usenofp) for __I$use$fp
    ffix.o(x$fpl$ffix) refers to fnaninf.o(x$fpl$fnaninf) for __fpl_fnaninf
    ffix.o(x$fpl$ffixr) refers (Special) to usenofp.o(x$fpl$usenofp) for __I$use$fp
    ffix.o(x$fpl$ffixr) refers to fnaninf.o(x$fpl$fnaninf) for __fpl_fnaninf
    rtentry.o(.ARM.Collect$$rtentry$$00000000) refers (Special) to rtentry2.o(.ARM.Collect$$rtentry$$0000000A) for __rt_entry_li
    rtentry.o(.ARM.Collect$$rtentry$$00000000) refers (Special) to rtentry2.o(.ARM.Collect$$rtentry$$0000000D) for __rt_entry_main
    rtentry.o(.ARM.Collect$$rtentry$$00000000) refers (Special) to rtentry2.o(.ARM.Collect$$rtentry$$0000000C) for __rt_entry_postli_1
    rtentry.o(.ARM.Collect$$rtentry$$00000000) refers (Special) to rtentry2.o(.ARM.Collect$$rtentry$$00000009) for __rt_entry_postsh_1
    rtentry.o(.ARM.Collect$$rtentry$$00000000) refers (Special) to rtentry2.o(.ARM.Collect$$rtentry$$00000002) for __rt_entry_presh_1
    rtentry.o(.ARM.Collect$$rtentry$$00000000) refers (Special) to rtentry4.o(.ARM.Collect$$rtentry$$00000004) for __rt_entry_sh
    libinit2.o(.ARM.Collect$$libinit$$0000000B) refers (Weak) to rand.o(.text) for _rand_init
    libinit2.o(.ARM.Collect$$libinit$$0000000E) refers to libinit2.o(.ARM.Collect$$libinit$$0000000D) for .ARM.Collect$$libinit$$0000000D
    libinit2.o(.ARM.Collect$$libinit$$00000010) refers to libinit2.o(.ARM.Collect$$libinit$$0000000D) for .ARM.Collect$$libinit$$0000000D
    libinit2.o(.ARM.Collect$$libinit$$00000012) refers to libinit2.o(.ARM.Collect$$libinit$$0000000D) for .ARM.Collect$$libinit$$0000000D
    libinit2.o(.ARM.Collect$$libinit$$00000014) refers to libinit2.o(.ARM.Collect$$libinit$$0000000D) for .ARM.Collect$$libinit$$0000000D
    libinit2.o(.ARM.Collect$$libinit$$00000016) refers to libinit2.o(.ARM.Collect$$libinit$$0000000D) for .ARM.Collect$$libinit$$0000000D
    libinit2.o(.ARM.Collect$$libinit$$00000024) refers to argv_veneer.o(.emb_text) for __ARM_argv_veneer
    libinit2.o(.ARM.Collect$$libinit$$00000025) refers to argv_veneer.o(.emb_text) for __ARM_argv_veneer
    dretinf.o(x$fpl$dretinf) refers (Special) to usenofp.o(x$fpl$usenofp) for __I$use$fp
    fnaninf.o(x$fpl$fnaninf) refers (Special) to usenofp.o(x$fpl$usenofp) for __I$use$fp
    rtentry2.o(.ARM.Collect$$rtentry$$00000008) refers to boardinit2.o(.text) for _platform_post_stackheap_init
    rtentry2.o(.ARM.Collect$$rtentry$$0000000A) refers to libinit.o(.ARM.Collect$$libinit$$00000000) for __rt_lib_init
    rtentry2.o(.ARM.Collect$$rtentry$$0000000B) refers to boardinit3.o(.text) for _platform_post_lib_init
    rtentry2.o(.ARM.Collect$$rtentry$$0000000D) refers to lab5.o(i.main) for main
    rtentry2.o(.ARM.Collect$$rtentry$$0000000D) refers to exit.o(.text) for exit
    rtentry2.o(.ARM.exidx) refers to rtentry2.o(.ARM.Collect$$rtentry$$00000001) for .ARM.Collect$$rtentry$$00000001
    rtentry2.o(.ARM.exidx) refers to rtentry2.o(.ARM.Collect$$rtentry$$00000008) for .ARM.Collect$$rtentry$$00000008
    rtentry2.o(.ARM.exidx) refers to rtentry2.o(.ARM.Collect$$rtentry$$0000000A) for .ARM.Collect$$rtentry$$0000000A
    rtentry2.o(.ARM.exidx) refers to rtentry2.o(.ARM.Collect$$rtentry$$0000000B) for .ARM.Collect$$rtentry$$0000000B
    rtentry2.o(.ARM.exidx) refers to rtentry2.o(.ARM.Collect$$rtentry$$0000000D) for .ARM.Collect$$rtentry$$0000000D
    rtentry4.o(.ARM.Collect$$rtentry$$00000004) refers to sys_stackheap_outer.o(.text) for __user_setup_stackheap
    rtentry4.o(.ARM.exidx) refers to rtentry4.o(.ARM.Collect$$rtentry$$00000004) for .ARM.Collect$$rtentry$$00000004
    argv_veneer.o(.emb_text) refers to no_argv.o(.text) for __ARM_get_argv
    sys_stackheap_outer.o(.text) refers to libspace.o(.text) for __user_perproc_libspace
    sys_stackheap_outer.o(.text) refers to startup.o(.text) for __user_initial_stackheap
    exit.o(.text) refers to rtexit.o(.ARM.Collect$$rtexit$$00000000) for __rt_exit
    _get_argv_nomalloc.o(.text) refers (Special) to hrguard.o(.text) for __heap_region$guard
    _get_argv_nomalloc.o(.text) refers to defsig_rtmem_outer.o(.text) for __rt_SIGRTMEM
    _get_argv_nomalloc.o(.text) refers to sys_command.o(.text) for _sys_command_string
    libinit.o(.ARM.Collect$$libinit$$00000000) refers (Special) to libinit2.o(.ARM.Collect$$libinit$$0000002C) for __rt_lib_init_alloca_1
    libinit.o(.ARM.Collect$$libinit$$00000000) refers (Special) to libinit2.o(.ARM.Collect$$libinit$$0000002A) for __rt_lib_init_argv_1
    libinit.o(.ARM.Collect$$libinit$$00000000) refers (Special) to libinit2.o(.ARM.Collect$$libinit$$00000019) for __rt_lib_init_atexit_1
    libinit.o(.ARM.Collect$$libinit$$00000000) refers (Special) to libinit2.o(.ARM.Collect$$libinit$$0000001F) for __rt_lib_init_clock_1
    libinit.o(.ARM.Collect$$libinit$$00000000) refers (Special) to libinit2.o(.ARM.Collect$$libinit$$00000030) for __rt_lib_init_cpp_1
    libinit.o(.ARM.Collect$$libinit$$00000000) refers (Special) to libinit2.o(.ARM.Collect$$libinit$$0000002E) for __rt_lib_init_exceptions_1
    libinit.o(.ARM.Collect$$libinit$$00000000) refers (Special) to libinit2.o(.ARM.Collect$$libinit$$00000002) for __rt_lib_init_fp_1
    libinit.o(.ARM.Collect$$libinit$$00000000) refers (Special) to libinit2.o(.ARM.Collect$$libinit$$0000001D) for __rt_lib_init_fp_trap_1
    libinit.o(.ARM.Collect$$libinit$$00000000) refers (Special) to libinit2.o(.ARM.Collect$$libinit$$00000021) for __rt_lib_init_getenv_1
    libinit.o(.ARM.Collect$$libinit$$00000000) refers (Special) to libinit2.o(.ARM.Collect$$libinit$$00000008) for __rt_lib_init_heap_1
    libinit.o(.ARM.Collect$$libinit$$00000000) refers (Special) to libinit2.o(.ARM.Collect$$libinit$$0000000F) for __rt_lib_init_lc_collate_1
    libinit.o(.ARM.Collect$$libinit$$00000000) refers (Special) to libinit2.o(.ARM.Collect$$libinit$$00000011) for __rt_lib_init_lc_ctype_1
    libinit.o(.ARM.Collect$$libinit$$00000000) refers (Special) to libinit2.o(.ARM.Collect$$libinit$$00000013) for __rt_lib_init_lc_monetary_1
    libinit.o(.ARM.Collect$$libinit$$00000000) refers (Special) to libinit2.o(.ARM.Collect$$libinit$$00000015) for __rt_lib_init_lc_numeric_1
    libinit.o(.ARM.Collect$$libinit$$00000000) refers (Special) to libinit2.o(.ARM.Collect$$libinit$$00000017) for __rt_lib_init_lc_time_1
    libinit.o(.ARM.Collect$$libinit$$00000000) refers (Special) to libinit2.o(.ARM.Collect$$libinit$$0000000C) for __rt_lib_init_rand_1
    libinit.o(.ARM.Collect$$libinit$$00000000) refers (Special) to libinit2.o(.ARM.Collect$$libinit$$00000031) for __rt_lib_init_return
    libinit.o(.ARM.Collect$$libinit$$00000000) refers (Special) to libinit2.o(.ARM.Collect$$libinit$$0000001B) for __rt_lib_init_signal_1
    libinit.o(.ARM.Collect$$libinit$$00000000) refers (Special) to libinit2.o(.ARM.Collect$$libinit$$00000023) for __rt_lib_init_stdio_1
    libinit.o(.ARM.Collect$$libinit$$00000000) refers (Special) to libinit2.o(.ARM.Collect$$libinit$$0000000A) for __rt_lib_init_user_alloc_1
    sys_command.o(.text) refers (Special) to use_no_semi.o(.text) for __I$use$semihosting
    sys_command.o(.text) refers (Special) to indicate_semi.o(.text) for __semihosting_library_function
    libspace.o(.text) refers to libspace.o(.bss) for __libspace_start
    rtexit.o(.ARM.Collect$$rtexit$$00000000) refers (Special) to rtexit2.o(.ARM.Collect$$rtexit$$00000004) for __rt_exit_exit
    rtexit.o(.ARM.Collect$$rtexit$$00000000) refers (Special) to rtexit2.o(.ARM.Collect$$rtexit$$00000003) for __rt_exit_ls
    rtexit.o(.ARM.Collect$$rtexit$$00000000) refers (Special) to rtexit2.o(.ARM.Collect$$rtexit$$00000002) for __rt_exit_prels_1
    rtexit.o(.ARM.exidx) refers (Special) to rtexit2.o(.ARM.Collect$$rtexit$$00000004) for __rt_exit_exit
    rtexit.o(.ARM.exidx) refers (Special) to rtexit2.o(.ARM.Collect$$rtexit$$00000003) for __rt_exit_ls
    rtexit.o(.ARM.exidx) refers (Special) to rtexit2.o(.ARM.Collect$$rtexit$$00000002) for __rt_exit_prels_1
    rtexit.o(.ARM.exidx) refers to rtexit.o(.ARM.Collect$$rtexit$$00000000) for .ARM.Collect$$rtexit$$00000000
    defsig_rtmem_outer.o(.text) refers to defsig_rtmem_inner.o(.text) for __rt_SIGRTMEM_inner
    defsig_rtmem_outer.o(.text) refers to defsig_exit.o(.text) for __sig_exit
    defsig_rtmem_formal.o(.text) refers to rt_raise.o(.text) for __rt_raise
    rtexit2.o(.ARM.Collect$$rtexit$$00000003) refers to libshutdown.o(.ARM.Collect$$libshutdown$$00000000) for __rt_lib_shutdown
    rtexit2.o(.ARM.Collect$$rtexit$$00000004) refers to sys_exit.o(.text) for _sys_exit
    rtexit2.o(.ARM.exidx) refers to rtexit2.o(.ARM.Collect$$rtexit$$00000001) for .ARM.Collect$$rtexit$$00000001
    rtexit2.o(.ARM.exidx) refers to rtexit2.o(.ARM.Collect$$rtexit$$00000003) for .ARM.Collect$$rtexit$$00000003
    rtexit2.o(.ARM.exidx) refers to rtexit2.o(.ARM.Collect$$rtexit$$00000004) for .ARM.Collect$$rtexit$$00000004
    rt_raise.o(.text) refers to __raise.o(.text) for __raise
    rt_raise.o(.text) refers to sys_exit.o(.text) for _sys_exit
    defsig_exit.o(.text) refers to sys_exit.o(.text) for _sys_exit
    defsig_rtmem_inner.o(.text) refers to defsig_general.o(.text) for __default_signal_display
    sys_exit.o(.text) refers (Special) to use_no_semi.o(.text) for __I$use$semihosting
    sys_exit.o(.text) refers (Special) to indicate_semi.o(.text) for __semihosting_library_function
    __raise.o(.text) refers to defsig.o(CL$$defsig) for __default_signal_handler
    defsig_general.o(.text) refers to sys_wrch.o(.text) for _ttywrch
    libshutdown.o(.ARM.Collect$$libshutdown$$00000000) refers (Special) to libshutdown2.o(.ARM.Collect$$libshutdown$$00000006) for __rt_lib_shutdown_fp_trap_1
    libshutdown.o(.ARM.Collect$$libshutdown$$00000000) refers (Special) to libshutdown2.o(.ARM.Collect$$libshutdown$$0000000E) for __rt_lib_shutdown_heap_1
    libshutdown.o(.ARM.Collect$$libshutdown$$00000000) refers (Special) to libshutdown2.o(.ARM.Collect$$libshutdown$$0000000F) for __rt_lib_shutdown_return
    libshutdown.o(.ARM.Collect$$libshutdown$$00000000) refers (Special) to libshutdown2.o(.ARM.Collect$$libshutdown$$00000009) for __rt_lib_shutdown_signal_1
    libshutdown.o(.ARM.Collect$$libshutdown$$00000000) refers (Special) to libshutdown2.o(.ARM.Collect$$libshutdown$$00000003) for __rt_lib_shutdown_stdio_1
    libshutdown.o(.ARM.Collect$$libshutdown$$00000000) refers (Special) to libshutdown2.o(.ARM.Collect$$libshutdown$$0000000B) for __rt_lib_shutdown_user_alloc_1
    sys_wrch.o(.text) refers (Special) to use_no_semi.o(.text) for __I$use$semihosting
    sys_wrch.o(.text) refers (Special) to indicate_semi.o(.text) for __semihosting_library_function
    defsig.o(CL$$defsig) refers to defsig_rtmem_inner.o(.text) for __rt_SIGRTMEM_inner
    defsig_abrt_inner.o(.text) refers to defsig_general.o(.text) for __default_signal_display
    defsig_fpe_inner.o(.text) refers to defsig_general.o(.text) for __default_signal_display
    defsig_rtred_inner.o(.text) refers to defsig_general.o(.text) for __default_signal_display
    defsig_stak_inner.o(.text) refers to defsig_general.o(.text) for __default_signal_display
    defsig_pvfn_inner.o(.text) refers to defsig_general.o(.text) for __default_signal_display
    defsig_cppl_inner.o(.text) refers to defsig_general.o(.text) for __default_signal_display
    defsig_segv_inner.o(.text) refers to defsig_general.o(.text) for __default_signal_display
    defsig_other.o(.text) refers to defsig_general.o(.text) for __default_signal_display


==============================================================================

Removing Unused input sections from the image.

    Removing dac.o(i.DAC_Init2), (164 bytes).
    Removing dac.o(i.DAC_Out2), (24 bytes).
    Removing lab5.o(i.BWWaitFill), (100 bytes).
    Removing lab5.o(i.BlastChars), (36 bytes).
    Removing lab5.o(i.CircleButtons), (28 bytes).
    Removing lab5.o(i.LineSpin), (324 bytes).
    Removing lab5.o(i.PrintAsciiChars), (30 bytes).
    Removing lab5.o(i.Print_TouchCoords), (2 bytes).
    Removing lab5.o(i.RandomCircle), (72 bytes).
    Removing lab5.o(i.RandomColorFill), (66 bytes).
    Removing lab5.o(i.RandomRectangles), (160 bytes).
    Removing lab5.o(i.TestStringOutput), (24 bytes).
    Removing lab5.o(i.charTest), (36 bytes).
    Removing lab5.o(i.printfTest), (116 bytes).
    Removing lab5.o(i.sizeofStuff), (196 bytes).
    Removing pll.o(i.PLL_Init), (124 bytes).
    Removing ssd2119.o(i.LCD_DrawBMP), (360 bytes).
    Removing ssd2119.o(i.LCD_DrawCircle), (256 bytes).
    Removing ssd2119.o(i.LCD_DrawFilledCircle), (210 bytes).
    Removing ssd2119.o(i.LCD_DrawLine), (174 bytes).
    Removing ssd2119.o(i.LCD_DrawPixel), (46 bytes).
    Removing ssd2119.o(i.LCD_DrawPixelRGB), (42 bytes).
    Removing ssd2119.o(i.LCD_DrawRect), (126 bytes).
    Removing ssd2119.o(i.LCD_Goto), (34 bytes).
    Removing ssd2119.o(i.LCD_PrintBinary), (144 bytes).
    Removing ssd2119.o(i.LCD_PrintChar), (192 bytes).
    Removing ssd2119.o(i.LCD_PrintFloat), (116 bytes).
    Removing ssd2119.o(i.LCD_PrintHex), (112 bytes).
    Removing ssd2119.o(i.LCD_PrintInteger), (94 bytes).
    Removing ssd2119.o(i.LCD_PrintString), (26 bytes).
    Removing ssd2119.o(i.Touch_BeginWaitForTouch), (184 bytes).
    Removing ssd2119.o(i.abs), (14 bytes).
    Removing ssd2119.o(i.printf), (214 bytes).

33 unused section(s) (total 3846 bytes) removed from the image.

==============================================================================

Image Symbol Table

    Local Symbols

    Symbol Name                              Value     Ov Type        Size  Object(Section)

    RESET                                    0x00000000   Section      644  startup.o(RESET)
    ../clib/angel/boardlib.s                 0x00000000   Number         0  boardinit3.o ABSOLUTE
    ../clib/angel/boardlib.s                 0x00000000   Number         0  boardshut.o ABSOLUTE
    ../clib/angel/boardlib.s                 0x00000000   Number         0  boardinit1.o ABSOLUTE
    ../clib/angel/boardlib.s                 0x00000000   Number         0  boardinit2.o ABSOLUTE
    ../clib/angel/dclz77c.s                  0x00000000   Number         0  __dclz77c.o ABSOLUTE
    ../clib/angel/handlers.s                 0x00000000   Number         0  __scatter_zi.o ABSOLUTE
    ../clib/angel/kernel.s                   0x00000000   Number         0  rtentry4.o ABSOLUTE
    ../clib/angel/kernel.s                   0x00000000   Number         0  rtentry2.o ABSOLUTE
    ../clib/angel/kernel.s                   0x00000000   Number         0  rtexit.o ABSOLUTE
    ../clib/angel/kernel.s                   0x00000000   Number         0  rtexit2.o ABSOLUTE
    ../clib/angel/kernel.s                   0x00000000   Number         0  rtentry.o ABSOLUTE
    ../clib/angel/rt.s                       0x00000000   Number         0  rt_raise.o ABSOLUTE
    ../clib/angel/scatter.s                  0x00000000   Number         0  __scatter.o ABSOLUTE
    ../clib/angel/startup.s                  0x00000000   Number         0  __main.o ABSOLUTE
    ../clib/angel/sys.s                      0x00000000   Number         0  libspace.o ABSOLUTE
    ../clib/angel/sys.s                      0x00000000   Number         0  use_no_semi.o ABSOLUTE
    ../clib/angel/sys.s                      0x00000000   Number         0  indicate_semi.o ABSOLUTE
    ../clib/angel/sys.s                      0x00000000   Number         0  sys_stackheap_outer.o ABSOLUTE
    ../clib/angel/sysapp.c                   0x00000000   Number         0  sys_exit.o ABSOLUTE
    ../clib/angel/sysapp.c                   0x00000000   Number         0  sys_wrch.o ABSOLUTE
    ../clib/angel/sysapp.c                   0x00000000   Number         0  sys_command.o ABSOLUTE
    ../clib/armsys.c                         0x00000000   Number         0  argv_veneer.o ABSOLUTE
    ../clib/armsys.c                         0x00000000   Number         0  argv_veneer.o ABSOLUTE
    ../clib/armsys.c                         0x00000000   Number         0  _get_argv_nomalloc.o ABSOLUTE
    ../clib/armsys.c                         0x00000000   Number         0  no_argv.o ABSOLUTE
    ../clib/heapalloc.c                      0x00000000   Number         0  hrguard.o ABSOLUTE
    ../clib/heapaux.c                        0x00000000   Number         0  heapauxi.o ABSOLUTE
    ../clib/libinit.s                        0x00000000   Number         0  libshutdown.o ABSOLUTE
    ../clib/libinit.s                        0x00000000   Number         0  libinit.o ABSOLUTE
    ../clib/libinit.s                        0x00000000   Number         0  libinit2.o ABSOLUTE
    ../clib/libinit.s                        0x00000000   Number         0  libshutdown2.o ABSOLUTE
    ../clib/memcpset.s                       0x00000000   Number         0  rt_memcpy_w.o ABSOLUTE
    ../clib/signal.c                         0x00000000   Number         0  defsig_segv_inner.o ABSOLUTE
    ../clib/signal.c                         0x00000000   Number         0  defsig_fpe_inner.o ABSOLUTE
    ../clib/signal.c                         0x00000000   Number         0  defsig_abrt_inner.o ABSOLUTE
    ../clib/signal.c                         0x00000000   Number         0  defsig_rtred_inner.o ABSOLUTE
    ../clib/signal.c                         0x00000000   Number         0  defsig_general.o ABSOLUTE
    ../clib/signal.c                         0x00000000   Number         0  defsig_rtmem_outer.o ABSOLUTE
    ../clib/signal.c                         0x00000000   Number         0  defsig_stak_inner.o ABSOLUTE
    ../clib/signal.c                         0x00000000   Number         0  defsig_rtmem_inner.o ABSOLUTE
    ../clib/signal.c                         0x00000000   Number         0  defsig_exit.o ABSOLUTE
    ../clib/signal.c                         0x00000000   Number         0  defsig_rtmem_formal.o ABSOLUTE
    ../clib/signal.c                         0x00000000   Number         0  defsig_pvfn_inner.o ABSOLUTE
    ../clib/signal.c                         0x00000000   Number         0  defsig_cppl_inner.o ABSOLUTE
    ../clib/signal.c                         0x00000000   Number         0  defsig_other.o ABSOLUTE
    ../clib/signal.c                         0x00000000   Number         0  __raise.o ABSOLUTE
    ../clib/signal.s                         0x00000000   Number         0  defsig.o ABSOLUTE
    ../clib/stdlib.c                         0x00000000   Number         0  rand.o ABSOLUTE
    ../clib/stdlib.c                         0x00000000   Number         0  rand.o ABSOLUTE
    ../clib/stdlib.c                         0x00000000   Number         0  exit.o ABSOLUTE
    ../fplib/dretinf.s                       0x00000000   Number         0  dretinf.o ABSOLUTE
    ../fplib/f2d.s                           0x00000000   Number         0  f2d.o ABSOLUTE
    ../fplib/ffix.s                          0x00000000   Number         0  ffix.o ABSOLUTE
    ../fplib/fnaninf.s                       0x00000000   Number         0  fnaninf.o ABSOLUTE
    ../fplib/fpinit.s                        0x00000000   Number         0  fpinit.o ABSOLUTE
    ../fplib/usenofp.s                       0x00000000   Number         0  usenofp.o ABSOLUTE
    DAC.c                                    0x00000000   Number         0  dac.o ABSOLUTE
    Lab5.c                                   0x00000000   Number         0  lab5.o ABSOLUTE
    Music.c                                  0x00000000   Number         0  music.o ABSOLUTE
    PLL.c                                    0x00000000   Number         0  pll.o ABSOLUTE
    SSD2119.c                                0x00000000   Number         0  ssd2119.o ABSOLUTE
    Switch.c                                 0x00000000   Number         0  switch.o ABSOLUTE
    SysTick.c                                0x00000000   Number         0  systick.o ABSOLUTE
    Timer0A.c                                0x00000000   Number         0  timer0a.o ABSOLUTE
    Timer1A.c                                0x00000000   Number         0  timer1a.o ABSOLUTE
    dc.s                                     0x00000000   Number         0  dc.o ABSOLUTE
    random.s                                 0x00000000   Number         0  random.o ABSOLUTE
    startup.s                                0x00000000   Number         0  startup.o ABSOLUTE
    !!!main                                  0x00000284   Section        8  __main.o(!!!main)
    !!!scatter                               0x0000028c   Section       52  __scatter.o(!!!scatter)
    !!dclz77c                                0x000002c0   Section      100  __dclz77c.o(!!dclz77c)
    !!handler_zi                             0x00000324   Section       28  __scatter_zi.o(!!handler_zi)
    .ARM.Collect$$libinit$$00000000          0x00000340   Section        2  libinit.o(.ARM.Collect$$libinit$$00000000)
    .ARM.Collect$$libinit$$00000002          0x00000342   Section        0  libinit2.o(.ARM.Collect$$libinit$$00000002)
    .ARM.Collect$$libinit$$00000008          0x00000342   Section        0  libinit2.o(.ARM.Collect$$libinit$$00000008)
    .ARM.Collect$$libinit$$0000000A          0x00000342   Section        0  libinit2.o(.ARM.Collect$$libinit$$0000000A)
    .ARM.Collect$$libinit$$0000000B          0x00000342   Section        4  libinit2.o(.ARM.Collect$$libinit$$0000000B)
    .ARM.Collect$$libinit$$0000000C          0x00000346   Section        0  libinit2.o(.ARM.Collect$$libinit$$0000000C)
    .ARM.Collect$$libinit$$0000000F          0x00000346   Section        0  libinit2.o(.ARM.Collect$$libinit$$0000000F)
    .ARM.Collect$$libinit$$00000011          0x00000346   Section        0  libinit2.o(.ARM.Collect$$libinit$$00000011)
    .ARM.Collect$$libinit$$00000013          0x00000346   Section        0  libinit2.o(.ARM.Collect$$libinit$$00000013)
    .ARM.Collect$$libinit$$00000015          0x00000346   Section        0  libinit2.o(.ARM.Collect$$libinit$$00000015)
    .ARM.Collect$$libinit$$00000017          0x00000346   Section        0  libinit2.o(.ARM.Collect$$libinit$$00000017)
    .ARM.Collect$$libinit$$00000019          0x00000346   Section        0  libinit2.o(.ARM.Collect$$libinit$$00000019)
    .ARM.Collect$$libinit$$0000001B          0x00000346   Section        0  libinit2.o(.ARM.Collect$$libinit$$0000001B)
    .ARM.Collect$$libinit$$0000001D          0x00000346   Section        0  libinit2.o(.ARM.Collect$$libinit$$0000001D)
    .ARM.Collect$$libinit$$0000001F          0x00000346   Section        0  libinit2.o(.ARM.Collect$$libinit$$0000001F)
    .ARM.Collect$$libinit$$00000021          0x00000346   Section        0  libinit2.o(.ARM.Collect$$libinit$$00000021)
    .ARM.Collect$$libinit$$00000023          0x00000346   Section        0  libinit2.o(.ARM.Collect$$libinit$$00000023)
    .ARM.Collect$$libinit$$0000002A          0x00000346   Section        0  libinit2.o(.ARM.Collect$$libinit$$0000002A)
    .ARM.Collect$$libinit$$0000002C          0x00000346   Section        0  libinit2.o(.ARM.Collect$$libinit$$0000002C)
    .ARM.Collect$$libinit$$0000002E          0x00000346   Section        0  libinit2.o(.ARM.Collect$$libinit$$0000002E)
    .ARM.Collect$$libinit$$00000030          0x00000346   Section        0  libinit2.o(.ARM.Collect$$libinit$$00000030)
    .ARM.Collect$$libinit$$00000031          0x00000346   Section        2  libinit2.o(.ARM.Collect$$libinit$$00000031)
    .ARM.Collect$$libshutdown$$00000000      0x00000348   Section        2  libshutdown.o(.ARM.Collect$$libshutdown$$00000000)
    .ARM.Collect$$libshutdown$$00000003      0x0000034a   Section        0  libshutdown2.o(.ARM.Collect$$libshutdown$$00000003)
    .ARM.Collect$$libshutdown$$00000006      0x0000034a   Section        0  libshutdown2.o(.ARM.Collect$$libshutdown$$00000006)
    .ARM.Collect$$libshutdown$$00000009      0x0000034a   Section        0  libshutdown2.o(.ARM.Collect$$libshutdown$$00000009)
    .ARM.Collect$$libshutdown$$0000000B      0x0000034a   Section        0  libshutdown2.o(.ARM.Collect$$libshutdown$$0000000B)
    .ARM.Collect$$libshutdown$$0000000E      0x0000034a   Section        0  libshutdown2.o(.ARM.Collect$$libshutdown$$0000000E)
    .ARM.Collect$$libshutdown$$0000000F      0x0000034a   Section        2  libshutdown2.o(.ARM.Collect$$libshutdown$$0000000F)
    .ARM.Collect$$rtentry$$00000000          0x0000034c   Section        0  rtentry.o(.ARM.Collect$$rtentry$$00000000)
    .ARM.Collect$$rtentry$$00000002          0x0000034c   Section        0  rtentry2.o(.ARM.Collect$$rtentry$$00000002)
    .ARM.Collect$$rtentry$$00000004          0x0000034c   Section        6  rtentry4.o(.ARM.Collect$$rtentry$$00000004)
    .ARM.Collect$$rtentry$$00000009          0x00000352   Section        0  rtentry2.o(.ARM.Collect$$rtentry$$00000009)
    .ARM.Collect$$rtentry$$0000000A          0x00000352   Section        4  rtentry2.o(.ARM.Collect$$rtentry$$0000000A)
    .ARM.Collect$$rtentry$$0000000C          0x00000356   Section        0  rtentry2.o(.ARM.Collect$$rtentry$$0000000C)
    .ARM.Collect$$rtentry$$0000000D          0x00000356   Section        8  rtentry2.o(.ARM.Collect$$rtentry$$0000000D)
    .ARM.Collect$$rtexit$$00000000           0x0000035e   Section        2  rtexit.o(.ARM.Collect$$rtexit$$00000000)
    .ARM.Collect$$rtexit$$00000002           0x00000360   Section        0  rtexit2.o(.ARM.Collect$$rtexit$$00000002)
    .ARM.Collect$$rtexit$$00000003           0x00000360   Section        4  rtexit2.o(.ARM.Collect$$rtexit$$00000003)
    .ARM.Collect$$rtexit$$00000004           0x00000364   Section        6  rtexit2.o(.ARM.Collect$$rtexit$$00000004)
    .emb_text                                0x0000036c   Section       52  rand.o(.emb_text)
    .text                                    0x000003a0   Section       48  startup.o(.text)
    .text                                    0x000003d0   Section       40  random.o(.text)
    .text                                    0x000003f8   Section        0  rand.o(.text)
    .text                                    0x00000434   Section      100  rt_memcpy_w.o(.text)
    .text                                    0x00000498   Section        0  heapauxi.o(.text)
    .text                                    0x0000049e   Section       74  sys_stackheap_outer.o(.text)
    .text                                    0x000004e8   Section        0  exit.o(.text)
    .text                                    0x000004f4   Section        8  libspace.o(.text)
    .text                                    0x000004fc   Section        2  use_no_semi.o(.text)
    .text                                    0x000004fe   Section        0  indicate_semi.o(.text)
    .text                                    0x00000500   Section        0  sys_exit.o(.text)
    i.ADC_Init                               0x0000050c   Section        0  ssd2119.o(i.ADC_Init)
    i.ADC_Read                               0x000005a8   Section        0  ssd2119.o(i.ADC_Read)
    i.ADC_SetChannel                         0x000005d4   Section        0  ssd2119.o(i.ADC_SetChannel)
    i.Buttons_Init                           0x00000614   Section        0  lab5.o(i.Buttons_Init)
    i.DAC_Init                               0x000006e8   Section        0  dac.o(i.DAC_Init)
    i.DAC_Out                                0x0000074c   Section        0  dac.o(i.DAC_Out)
    i.DestabilizeBars                        0x000007f8   Section        0  lab5.o(i.DestabilizeBars)
    i.FinishBars                             0x00000a14   Section        0  lab5.o(i.FinishBars)
    i.GPIOPortA_Handler                      0x00000c44   Section        0  ssd2119.o(i.GPIOPortA_Handler)
    i.HeartBeat_Init                         0x00000c50   Section        0  lab5.o(i.HeartBeat_Init)
    i.InitializeBars                         0x00000cb8   Section        0  lab5.o(i.InitializeBars)
    i.LCD_ColorFill                          0x00000da8   Section        0  ssd2119.o(i.LCD_ColorFill)
    i.LCD_DrawFilledRect                     0x00000dbe   Section        0  ssd2119.o(i.LCD_DrawFilledRect)
    i.LCD_DrawImage                          0x00000e10   Section        0  ssd2119.o(i.LCD_DrawImage)
    i.LCD_GPIOInit                           0x00000ef4   Section        0  ssd2119.o(i.LCD_GPIOInit)
    i.LCD_Init                               0x00000fd0   Section        0  ssd2119.o(i.LCD_Init)
    i.LCD_SetCursor                          0x00001174   Section        0  ssd2119.o(i.LCD_SetCursor)
    i.LCD_SetTextColor                       0x00001188   Section        0  ssd2119.o(i.LCD_SetTextColor)
    i.LCD_WriteCommand                       0x000011a4   Section        0  ssd2119.o(i.LCD_WriteCommand)
    i.LCD_WriteData                          0x0000120c   Section        0  ssd2119.o(i.LCD_WriteData)
    i.MovingColorBars                        0x00001274   Section        0  lab5.o(i.MovingColorBars)
    i.Music_Play                             0x0000174c   Section        0  music.o(i.Music_Play)
    i.Random4BPPTestSprite                   0x00001890   Section        0  lab5.o(i.Random4BPPTestSprite)
    i.SysTick_Handler                        0x000018cc   Section        0  systick.o(i.SysTick_Handler)
    i.SysTick_Init                           0x000018d8   Section        0  systick.o(i.SysTick_Init)
    i.Timer0A_Handler                        0x00001910   Section        0  timer0a.o(i.Timer0A_Handler)
    i.Timer0A_Init                           0x00001944   Section        0  timer0a.o(i.Timer0A_Init)
    i.Timer1A_Handler                        0x000019b8   Section        0  timer1a.o(i.Timer1A_Handler)
    i.Timer1A_Init                           0x000019e8   Section        0  timer1a.o(i.Timer1A_Init)
    i.Touch_GetCoords                        0x00001a5c   Section        0  ssd2119.o(i.Touch_GetCoords)
    i.Touch_Init                             0x00001ab8   Section        0  ssd2119.o(i.Touch_Init)
    i.Touch_ReadX                            0x00001b18   Section        0  ssd2119.o(i.Touch_ReadX)
    i.Touch_ReadY                            0x00001c44   Section        0  ssd2119.o(i.Touch_ReadY)
    i.Touch_ReadZ1                           0x00001d54   Section        0  ssd2119.o(i.Touch_ReadZ1)
    i.Touch_ReadZ2                           0x00001e5c   Section        0  ssd2119.o(i.Touch_ReadZ2)
    i.convertColor                           0x00001f7c   Section        0  ssd2119.o(i.convertColor)
    i.delay                                  0x00001f90   Section        0  dac.o(i.delay)
    i.dlay                                   0x00001fb0   Section        0  lab5.o(i.dlay)
    i.main                                   0x00001fc0   Section        0  lab5.o(i.main)
    i.resetSwitches                          0x000020e4   Section        0  switch.o(i.resetSwitches)
    i.touchDebug                             0x00002108   Section        0  lab5.o(i.touchDebug)
    .constdata                               0x0000253c   Section      704  lab5.o(.constdata)
    ASCII                                    0x0000253c   Data         480  lab5.o(.constdata)
    .constdata                               0x000027fc   Section      384  music.o(.constdata)
    .constdata                               0x0000297c   Section      540  ssd2119.o(.constdata)
    ASCII                                    0x0000297c   Data         480  ssd2119.o(.constdata)
    .data                                    0x20000000   Section        4  dac.o(.data)
    .data                                    0x20000004   Section      128  lab5.o(.data)
    .data                                    0x20000084   Section     1144  music.o(.data)
    .data                                    0x200004fc   Section       32  switch.o(.data)
    .data                                    0x2000051c   Section       14  timer0a.o(.data)
    .data                                    0x2000052c   Section        4  systick.o(.data)
    .data                                    0x20000530   Section        8  timer1a.o(.data)
    .data                                    0x20000538   Section       12  ssd2119.o(.data)
    DATA                                     0x20000544   Section        4  random.o(DATA)
    M                                        0x20000544   Data           4  random.o(DATA)
    .bss                                     0x20000548   Section      228  rand.o(.bss)
    .bss                                     0x2000062c   Section       96  libspace.o(.bss)
    HEAP                                     0x20000690   Section        0  startup.o(HEAP)
    STACK                                    0x20000690   Section     1024  startup.o(STACK)
    HeapMem                                  0x20000690   Data           0  startup.o(HEAP)
    StackMem                                 0x20000690   Data           0  startup.o(STACK)

    Global Symbols

    Symbol Name                              Value     Ov Type        Size  Object(Section)

    BuildAttributes$$THM_ISAv4$E$P$D$K$B$S$7EM$PE$A:L22UL41UL21$X:L11$S22US41US21$IEEE1$IW$USESV6$~STKCKD$USESV7$~SHL$OSPACE$ROPI$EBA8$UX$STANDARDLIB$REQ8$PRES8$EABIv2 0x00000000   Number         0  anon$$obj.o ABSOLUTE
    __ARM_use_no_argv                        0x00000000   Number         0  lab5.o ABSOLUTE
    __Vectors                                0x00000000   Data           0  startup.o(RESET)
    __ARM_exceptions_init                     - Undefined Weak Reference
    __alloca_initialize                       - Undefined Weak Reference
    __cpp_initialize__aeabi_                  - Undefined Weak Reference
    __cxa_finalize                            - Undefined Weak Reference
    __rt_locale                               - Undefined Weak Reference
    __sigvec_lookup                           - Undefined Weak Reference
    _atexit_init                              - Undefined Weak Reference
    _call_atexit_fns                          - Undefined Weak Reference
    _clock_init                               - Undefined Weak Reference
    _fp_trap_init                             - Undefined Weak Reference
    _fp_trap_shutdown                         - Undefined Weak Reference
    _get_lc_collate                           - Undefined Weak Reference
    _get_lc_ctype                             - Undefined Weak Reference
    _get_lc_monetary                          - Undefined Weak Reference
    _get_lc_numeric                           - Undefined Weak Reference
    _get_lc_time                              - Undefined Weak Reference
    _getenv_init                              - Undefined Weak Reference
    _handle_redirection                       - Undefined Weak Reference
    _init_alloc                               - Undefined Weak Reference
    _init_user_alloc                          - Undefined Weak Reference
    _initio                                   - Undefined Weak Reference
    _signal_finish                            - Undefined Weak Reference
    _signal_init                              - Undefined Weak Reference
    _terminate_alloc                          - Undefined Weak Reference
    _terminate_user_alloc                     - Undefined Weak Reference
    _terminateio                              - Undefined Weak Reference
    Reset_Handler                            0x0000026d   Thumb Code     0  startup.o(RESET)
    NMI_Handler                              0x00000271   Thumb Code     2  startup.o(RESET)
    HardFault_Handler                        0x00000273   Thumb Code     2  startup.o(RESET)
    MemManage_Handler                        0x00000275   Thumb Code     2  startup.o(RESET)
    BusFault_Handler                         0x00000277   Thumb Code     2  startup.o(RESET)
    UsageFault_Handler                       0x00000279   Thumb Code     2  startup.o(RESET)
    SVC_Handler                              0x0000027b   Thumb Code     2  startup.o(RESET)
    DebugMon_Handler                         0x0000027d   Thumb Code     2  startup.o(RESET)
    PendSV_Handler                           0x0000027f   Thumb Code     2  startup.o(RESET)
    ADC0Seq0_Handler                         0x00000283   Thumb Code     0  startup.o(RESET)
    ADC0Seq1_Handler                         0x00000283   Thumb Code     0  startup.o(RESET)
    ADC0Seq2_Handler                         0x00000283   Thumb Code     0  startup.o(RESET)
    ADC0Seq3_Handler                         0x00000283   Thumb Code     0  startup.o(RESET)
    ADC1Seq0_Handler                         0x00000283   Thumb Code     0  startup.o(RESET)
    ADC1Seq1_Handler                         0x00000283   Thumb Code     0  startup.o(RESET)
    ADC1Seq2_Handler                         0x00000283   Thumb Code     0  startup.o(RESET)
    ADC1Seq3_Handler                         0x00000283   Thumb Code     0  startup.o(RESET)
    CAN0_Handler                             0x00000283   Thumb Code     0  startup.o(RESET)
    CAN1_Handler                             0x00000283   Thumb Code     0  startup.o(RESET)
    CAN2_Handler                             0x00000283   Thumb Code     0  startup.o(RESET)
    Comp0_Handler                            0x00000283   Thumb Code     0  startup.o(RESET)
    Comp1_Handler                            0x00000283   Thumb Code     0  startup.o(RESET)
    Comp2_Handler                            0x00000283   Thumb Code     0  startup.o(RESET)
    Ethernet_Handler                         0x00000283   Thumb Code     0  startup.o(RESET)
    ExtBus_Handler                           0x00000283   Thumb Code     0  startup.o(RESET)
    FPU_Handler                              0x00000283   Thumb Code     0  startup.o(RESET)
    Fan0_Handler                             0x00000283   Thumb Code     0  startup.o(RESET)
    FlashCtl_Handler                         0x00000283   Thumb Code     0  startup.o(RESET)
    GPIOPortB_Handler                        0x00000283   Thumb Code     0  startup.o(RESET)
    GPIOPortC_Handler                        0x00000283   Thumb Code     0  startup.o(RESET)
    GPIOPortD_Handler                        0x00000283   Thumb Code     0  startup.o(RESET)
    GPIOPortE_Handler                        0x00000283   Thumb Code     0  startup.o(RESET)
    GPIOPortF_Handler                        0x00000283   Thumb Code     0  startup.o(RESET)
    GPIOPortG_Handler                        0x00000283   Thumb Code     0  startup.o(RESET)
    GPIOPortH_Handler                        0x00000283   Thumb Code     0  startup.o(RESET)
    GPIOPortJ_Handler                        0x00000283   Thumb Code     0  startup.o(RESET)
    GPIOPortK_Handler                        0x00000283   Thumb Code     0  startup.o(RESET)
    GPIOPortL_Handler                        0x00000283   Thumb Code     0  startup.o(RESET)
    GPIOPortM_Handler                        0x00000283   Thumb Code     0  startup.o(RESET)
    GPIOPortN_Handler                        0x00000283   Thumb Code     0  startup.o(RESET)
    GPIOPortP1_Handler                       0x00000283   Thumb Code     0  startup.o(RESET)
    GPIOPortP2_Handler                       0x00000283   Thumb Code     0  startup.o(RESET)
    GPIOPortP3_Handler                       0x00000283   Thumb Code     0  startup.o(RESET)
    GPIOPortP4_Handler                       0x00000283   Thumb Code     0  startup.o(RESET)
    GPIOPortP5_Handler                       0x00000283   Thumb Code     0  startup.o(RESET)
    GPIOPortP6_Handler                       0x00000283   Thumb Code     0  startup.o(RESET)
    GPIOPortP7_Handler                       0x00000283   Thumb Code     0  startup.o(RESET)
    GPIOPortP_Handler                        0x00000283   Thumb Code     0  startup.o(RESET)
    GPIOPortQ1_Handler                       0x00000283   Thumb Code     0  startup.o(RESET)
    GPIOPortQ2_Handler                       0x00000283   Thumb Code     0  startup.o(RESET)
    GPIOPortQ3_Handler                       0x00000283   Thumb Code     0  startup.o(RESET)
    GPIOPortQ4_Handler                       0x00000283   Thumb Code     0  startup.o(RESET)
    GPIOPortQ5_Handler                       0x00000283   Thumb Code     0  startup.o(RESET)
    GPIOPortQ6_Handler                       0x00000283   Thumb Code     0  startup.o(RESET)
    GPIOPortQ7_Handler                       0x00000283   Thumb Code     0  startup.o(RESET)
    GPIOPortQ_Handler                        0x00000283   Thumb Code     0  startup.o(RESET)
    GPIOPortR_Handler                        0x00000283   Thumb Code     0  startup.o(RESET)
    GPIOPortS_Handler                        0x00000283   Thumb Code     0  startup.o(RESET)
    Hibernate_Handler                        0x00000283   Thumb Code     0  startup.o(RESET)
    I2C0_Handler                             0x00000283   Thumb Code     0  startup.o(RESET)
    I2C1_Handler                             0x00000283   Thumb Code     0  startup.o(RESET)
    I2C2_Handler                             0x00000283   Thumb Code     0  startup.o(RESET)
    I2C3_Handler                             0x00000283   Thumb Code     0  startup.o(RESET)
    I2C4_Handler                             0x00000283   Thumb Code     0  startup.o(RESET)
    I2C5_Handler                             0x00000283   Thumb Code     0  startup.o(RESET)
    I2S0_Handler                             0x00000283   Thumb Code     0  startup.o(RESET)
    LPC0_Handler                             0x00000283   Thumb Code     0  startup.o(RESET)
    PECI0_Handler                            0x00000283   Thumb Code     0  startup.o(RESET)
    PWM0Fault_Handler                        0x00000283   Thumb Code     0  startup.o(RESET)
    PWM0Generator0_Handler                   0x00000283   Thumb Code     0  startup.o(RESET)
    PWM0Generator1_Handler                   0x00000283   Thumb Code     0  startup.o(RESET)
    PWM0Generator2_Handler                   0x00000283   Thumb Code     0  startup.o(RESET)
    PWM0Generator3_Handler                   0x00000283   Thumb Code     0  startup.o(RESET)
    PWM1Fault_Handler                        0x00000283   Thumb Code     0  startup.o(RESET)
    PWM1Generator0_Handler                   0x00000283   Thumb Code     0  startup.o(RESET)
    PWM1Generator1_Handler                   0x00000283   Thumb Code     0  startup.o(RESET)
    PWM1Generator2_Handler                   0x00000283   Thumb Code     0  startup.o(RESET)
    PWM1Generator3_Handler                   0x00000283   Thumb Code     0  startup.o(RESET)
    Quadrature0_Handler                      0x00000283   Thumb Code     0  startup.o(RESET)
    Quadrature1_Handler                      0x00000283   Thumb Code     0  startup.o(RESET)
    Quadrature2_Handler                      0x00000283   Thumb Code     0  startup.o(RESET)
    SSI0_Handler                             0x00000283   Thumb Code     0  startup.o(RESET)
    SSI1_Handler                             0x00000283   Thumb Code     0  startup.o(RESET)
    SSI2_Handler                             0x00000283   Thumb Code     0  startup.o(RESET)
    SSI3_Handler                             0x00000283   Thumb Code     0  startup.o(RESET)
    SysCtl_Handler                           0x00000283   Thumb Code     0  startup.o(RESET)
    Timer0B_Handler                          0x00000283   Thumb Code     0  startup.o(RESET)
    Timer1B_Handler                          0x00000283   Thumb Code     0  startup.o(RESET)
    Timer2A_Handler                          0x00000283   Thumb Code     0  startup.o(RESET)
    Timer2B_Handler                          0x00000283   Thumb Code     0  startup.o(RESET)
    Timer3A_Handler                          0x00000283   Thumb Code     0  startup.o(RESET)
    Timer3B_Handler                          0x00000283   Thumb Code     0  startup.o(RESET)
    Timer4A_Handler                          0x00000283   Thumb Code     0  startup.o(RESET)
    Timer4B_Handler                          0x00000283   Thumb Code     0  startup.o(RESET)
    Timer5A_Handler                          0x00000283   Thumb Code     0  startup.o(RESET)
    Timer5B_Handler                          0x00000283   Thumb Code     0  startup.o(RESET)
    UART0_Handler                            0x00000283   Thumb Code     0  startup.o(RESET)
    UART1_Handler                            0x00000283   Thumb Code     0  startup.o(RESET)
    UART2_Handler                            0x00000283   Thumb Code     0  startup.o(RESET)
    UART3_Handler                            0x00000283   Thumb Code     0  startup.o(RESET)
    UART4_Handler                            0x00000283   Thumb Code     0  startup.o(RESET)
    UART5_Handler                            0x00000283   Thumb Code     0  startup.o(RESET)
    UART6_Handler                            0x00000283   Thumb Code     0  startup.o(RESET)
    UART7_Handler                            0x00000283   Thumb Code     0  startup.o(RESET)
    USB0_Handler                             0x00000283   Thumb Code     0  startup.o(RESET)
    WDT_Handler                              0x00000283   Thumb Code     0  startup.o(RESET)
    WideTimer0A_Handler                      0x00000283   Thumb Code     0  startup.o(RESET)
    WideTimer0B_Handler                      0x00000283   Thumb Code     0  startup.o(RESET)
    WideTimer1A_Handler                      0x00000283   Thumb Code     0  startup.o(RESET)
    WideTimer1B_Handler                      0x00000283   Thumb Code     0  startup.o(RESET)
    WideTimer2A_Handler                      0x00000283   Thumb Code     0  startup.o(RESET)
    WideTimer2B_Handler                      0x00000283   Thumb Code     0  startup.o(RESET)
    WideTimer3A_Handler                      0x00000283   Thumb Code     0  startup.o(RESET)
    WideTimer3B_Handler                      0x00000283   Thumb Code     0  startup.o(RESET)
    WideTimer4A_Handler                      0x00000283   Thumb Code     0  startup.o(RESET)
    WideTimer4B_Handler                      0x00000283   Thumb Code     0  startup.o(RESET)
    WideTimer5A_Handler                      0x00000283   Thumb Code     0  startup.o(RESET)
    WideTimer5B_Handler                      0x00000283   Thumb Code     0  startup.o(RESET)
    uDMA_Error                               0x00000283   Thumb Code     0  startup.o(RESET)
    uDMA_Handler                             0x00000283   Thumb Code     0  startup.o(RESET)
    __main                                   0x00000285   Thumb Code     8  __main.o(!!!main)
    __scatterload                            0x0000028d   Thumb Code     0  __scatter.o(!!!scatter)
    __scatterload_rt2                        0x0000028d   Thumb Code    44  __scatter.o(!!!scatter)
    __scatterload_rt2_thumb_only             0x0000028d   Thumb Code     0  __scatter.o(!!!scatter)
    __scatterload_null                       0x0000029b   Thumb Code     0  __scatter.o(!!!scatter)
    __decompress                             0x000002c1   Thumb Code   100  __dclz77c.o(!!dclz77c)
    __decompress2                            0x000002c1   Thumb Code     0  __dclz77c.o(!!dclz77c)
    __scatterload_zeroinit                   0x00000325   Thumb Code    28  __scatter_zi.o(!!handler_zi)
    __rt_lib_init                            0x00000341   Thumb Code     0  libinit.o(.ARM.Collect$$libinit$$00000000)
    __rt_lib_init_fp_1                       0x00000343   Thumb Code     0  libinit2.o(.ARM.Collect$$libinit$$00000002)
    __rt_lib_init_heap_1                     0x00000343   Thumb Code     0  libinit2.o(.ARM.Collect$$libinit$$00000008)
    __rt_lib_init_rand_2                     0x00000343   Thumb Code     0  libinit2.o(.ARM.Collect$$libinit$$0000000B)
    __rt_lib_init_user_alloc_1               0x00000343   Thumb Code     0  libinit2.o(.ARM.Collect$$libinit$$0000000A)
    __rt_lib_init_alloca_1                   0x00000347   Thumb Code     0  libinit2.o(.ARM.Collect$$libinit$$0000002C)
    __rt_lib_init_argv_1                     0x00000347   Thumb Code     0  libinit2.o(.ARM.Collect$$libinit$$0000002A)
    __rt_lib_init_atexit_1                   0x00000347   Thumb Code     0  libinit2.o(.ARM.Collect$$libinit$$00000019)
    __rt_lib_init_clock_1                    0x00000347   Thumb Code     0  libinit2.o(.ARM.Collect$$libinit$$0000001F)
    __rt_lib_init_cpp_1                      0x00000347   Thumb Code     0  libinit2.o(.ARM.Collect$$libinit$$00000030)
    __rt_lib_init_exceptions_1               0x00000347   Thumb Code     0  libinit2.o(.ARM.Collect$$libinit$$0000002E)
    __rt_lib_init_fp_trap_1                  0x00000347   Thumb Code     0  libinit2.o(.ARM.Collect$$libinit$$0000001D)
    __rt_lib_init_getenv_1                   0x00000347   Thumb Code     0  libinit2.o(.ARM.Collect$$libinit$$00000021)
    __rt_lib_init_lc_collate_1               0x00000347   Thumb Code     0  libinit2.o(.ARM.Collect$$libinit$$0000000F)
    __rt_lib_init_lc_ctype_1                 0x00000347   Thumb Code     0  libinit2.o(.ARM.Collect$$libinit$$00000011)
    __rt_lib_init_lc_monetary_1              0x00000347   Thumb Code     0  libinit2.o(.ARM.Collect$$libinit$$00000013)
    __rt_lib_init_lc_numeric_1               0x00000347   Thumb Code     0  libinit2.o(.ARM.Collect$$libinit$$00000015)
    __rt_lib_init_lc_time_1                  0x00000347   Thumb Code     0  libinit2.o(.ARM.Collect$$libinit$$00000017)
    __rt_lib_init_rand_1                     0x00000347   Thumb Code     0  libinit2.o(.ARM.Collect$$libinit$$0000000C)
    __rt_lib_init_return                     0x00000347   Thumb Code     0  libinit2.o(.ARM.Collect$$libinit$$00000031)
    __rt_lib_init_signal_1                   0x00000347   Thumb Code     0  libinit2.o(.ARM.Collect$$libinit$$0000001B)
    __rt_lib_init_stdio_1                    0x00000347   Thumb Code     0  libinit2.o(.ARM.Collect$$libinit$$00000023)
    __rt_lib_shutdown                        0x00000349   Thumb Code     0  libshutdown.o(.ARM.Collect$$libshutdown$$00000000)
    __rt_lib_shutdown_fp_trap_1              0x0000034b   Thumb Code     0  libshutdown2.o(.ARM.Collect$$libshutdown$$00000006)
    __rt_lib_shutdown_heap_1                 0x0000034b   Thumb Code     0  libshutdown2.o(.ARM.Collect$$libshutdown$$0000000E)
    __rt_lib_shutdown_return                 0x0000034b   Thumb Code     0  libshutdown2.o(.ARM.Collect$$libshutdown$$0000000F)
    __rt_lib_shutdown_signal_1               0x0000034b   Thumb Code     0  libshutdown2.o(.ARM.Collect$$libshutdown$$00000009)
    __rt_lib_shutdown_stdio_1                0x0000034b   Thumb Code     0  libshutdown2.o(.ARM.Collect$$libshutdown$$00000003)
    __rt_lib_shutdown_user_alloc_1           0x0000034b   Thumb Code     0  libshutdown2.o(.ARM.Collect$$libshutdown$$0000000B)
    __rt_entry                               0x0000034d   Thumb Code     0  rtentry.o(.ARM.Collect$$rtentry$$00000000)
    __rt_entry_presh_1                       0x0000034d   Thumb Code     0  rtentry2.o(.ARM.Collect$$rtentry$$00000002)
    __rt_entry_sh                            0x0000034d   Thumb Code     0  rtentry4.o(.ARM.Collect$$rtentry$$00000004)
    __rt_entry_li                            0x00000353   Thumb Code     0  rtentry2.o(.ARM.Collect$$rtentry$$0000000A)
    __rt_entry_postsh_1                      0x00000353   Thumb Code     0  rtentry2.o(.ARM.Collect$$rtentry$$00000009)
    __rt_entry_main                          0x00000357   Thumb Code     0  rtentry2.o(.ARM.Collect$$rtentry$$0000000D)
    __rt_entry_postli_1                      0x00000357   Thumb Code     0  rtentry2.o(.ARM.Collect$$rtentry$$0000000C)
    __rt_exit                                0x0000035f   Thumb Code     0  rtexit.o(.ARM.Collect$$rtexit$$00000000)
    __rt_exit_ls                             0x00000361   Thumb Code     0  rtexit2.o(.ARM.Collect$$rtexit$$00000003)
    __rt_exit_prels_1                        0x00000361   Thumb Code     0  rtexit2.o(.ARM.Collect$$rtexit$$00000002)
    __rt_exit_exit                           0x00000365   Thumb Code     0  rtexit2.o(.ARM.Collect$$rtexit$$00000004)
    rand                                     0x0000036d   Thumb Code    48  rand.o(.emb_text)
    DisableInterrupts                        0x000003a1   Thumb Code     0  startup.o(.text)
    EnableInterrupts                         0x000003a5   Thumb Code     0  startup.o(.text)
    StartCritical                            0x000003a9   Thumb Code     0  startup.o(.text)
    EndCritical                              0x000003b1   Thumb Code     0  startup.o(.text)
    WaitForInterrupt                         0x000003b7   Thumb Code     0  startup.o(.text)
    __user_initial_stackheap                 0x000003bb   Thumb Code     0  startup.o(.text)
    Random_Init                              0x000003d1   Thumb Code     0  random.o(.text)
    Random                                   0x000003db   Thumb Code     2  random.o(.text)
    srand                                    0x000003f9   Thumb Code    42  rand.o(.text)
    _rand_init                               0x00000423   Thumb Code     4  rand.o(.text)
    __aeabi_memcpy4                          0x00000435   Thumb Code     0  rt_memcpy_w.o(.text)
    __aeabi_memcpy8                          0x00000435   Thumb Code     0  rt_memcpy_w.o(.text)
    __rt_memcpy_w                            0x00000435   Thumb Code   100  rt_memcpy_w.o(.text)
    _memcpy_lastbytes_aligned                0x0000047d   Thumb Code     0  rt_memcpy_w.o(.text)
    __use_two_region_memory                  0x00000499   Thumb Code     2  heapauxi.o(.text)
    __rt_heap_escrow$2region                 0x0000049b   Thumb Code     2  heapauxi.o(.text)
    __rt_heap_expand$2region                 0x0000049d   Thumb Code     2  heapauxi.o(.text)
    __user_setup_stackheap                   0x0000049f   Thumb Code    74  sys_stackheap_outer.o(.text)
    exit                                     0x000004e9   Thumb Code    12  exit.o(.text)
    __user_libspace                          0x000004f5   Thumb Code     8  libspace.o(.text)
    __user_perproc_libspace                  0x000004f5   Thumb Code     0  libspace.o(.text)
    __user_perthread_libspace                0x000004f5   Thumb Code     0  libspace.o(.text)
    __I$use$semihosting                      0x000004fd   Thumb Code     0  use_no_semi.o(.text)
    __use_no_semihosting_swi                 0x000004fd   Thumb Code     2  use_no_semi.o(.text)
    __semihosting_library_function           0x000004ff   Thumb Code     0  indicate_semi.o(.text)
    _sys_exit                                0x00000501   Thumb Code     8  sys_exit.o(.text)
    ADC_Init                                 0x0000050d   Thumb Code   138  ssd2119.o(i.ADC_Init)
    ADC_Read                                 0x000005a9   Thumb Code    36  ssd2119.o(i.ADC_Read)
    ADC_SetChannel                           0x000005d5   Thumb Code    54  ssd2119.o(i.ADC_SetChannel)
    Buttons_Init                             0x00000615   Thumb Code   212  lab5.o(i.Buttons_Init)
    DAC_Init                                 0x000006e9   Thumb Code    74  dac.o(i.DAC_Init)
    DAC_Out                                  0x0000074d   Thumb Code   166  dac.o(i.DAC_Out)
    DestabilizeBars                          0x000007f9   Thumb Code   504  lab5.o(i.DestabilizeBars)
    FinishBars                               0x00000a15   Thumb Code   522  lab5.o(i.FinishBars)
    GPIOPortA_Handler                        0x00000c45   Thumb Code     8  ssd2119.o(i.GPIOPortA_Handler)
    HeartBeat_Init                           0x00000c51   Thumb Code    88  lab5.o(i.HeartBeat_Init)
    InitializeBars                           0x00000cb9   Thumb Code   240  lab5.o(i.InitializeBars)
    LCD_ColorFill                            0x00000da9   Thumb Code    22  ssd2119.o(i.LCD_ColorFill)
    LCD_DrawFilledRect                       0x00000dbf   Thumb Code    82  ssd2119.o(i.LCD_DrawFilledRect)
    LCD_DrawImage                            0x00000e11   Thumb Code   228  ssd2119.o(i.LCD_DrawImage)
    LCD_GPIOInit                             0x00000ef5   Thumb Code   170  ssd2119.o(i.LCD_GPIOInit)
    LCD_Init                                 0x00000fd1   Thumb Code   416  ssd2119.o(i.LCD_Init)
    LCD_SetCursor                            0x00001175   Thumb Code    10  ssd2119.o(i.LCD_SetCursor)
    LCD_SetTextColor                         0x00001189   Thumb Code    24  ssd2119.o(i.LCD_SetTextColor)
    LCD_WriteCommand                         0x000011a5   Thumb Code    92  ssd2119.o(i.LCD_WriteCommand)
    LCD_WriteData                            0x0000120d   Thumb Code    92  ssd2119.o(i.LCD_WriteData)
    MovingColorBars                          0x00001275   Thumb Code  1236  lab5.o(i.MovingColorBars)
    Music_Play                               0x0000174d   Thumb Code   288  music.o(i.Music_Play)
    Random4BPPTestSprite                     0x00001891   Thumb Code    54  lab5.o(i.Random4BPPTestSprite)
    SysTick_Handler                          0x000018cd   Thumb Code     8  systick.o(i.SysTick_Handler)
    SysTick_Init                             0x000018d9   Thumb Code    46  systick.o(i.SysTick_Init)
    Timer0A_Handler                          0x00001911   Thumb Code    40  timer0a.o(i.Timer0A_Handler)
    Timer0A_Init                             0x00001945   Thumb Code    94  timer0a.o(i.Timer0A_Init)
    Timer1A_Handler                          0x000019b9   Thumb Code    38  timer1a.o(i.Timer1A_Handler)
    Timer1A_Init                             0x000019e9   Thumb Code    94  timer1a.o(i.Timer1A_Init)
    Touch_GetCoords                          0x00001a5d   Thumb Code    78  ssd2119.o(i.Touch_GetCoords)
    Touch_Init                               0x00001ab9   Thumb Code    80  ssd2119.o(i.Touch_Init)
    Touch_ReadX                              0x00001b19   Thumb Code   260  ssd2119.o(i.Touch_ReadX)
    Touch_ReadY                              0x00001c45   Thumb Code   240  ssd2119.o(i.Touch_ReadY)
    Touch_ReadZ1                             0x00001d55   Thumb Code   236  ssd2119.o(i.Touch_ReadZ1)
    Touch_ReadZ2                             0x00001e5d   Thumb Code   260  ssd2119.o(i.Touch_ReadZ2)
    convertColor                             0x00001f7d   Thumb Code    20  ssd2119.o(i.convertColor)
    delay                                    0x00001f91   Thumb Code    28  dac.o(i.delay)
    dlay                                     0x00001fb1   Thumb Code    16  lab5.o(i.dlay)
    main                                     0x00001fc1   Thumb Code   260  lab5.o(i.main)
    resetSwitches                            0x000020e5   Thumb Code    20  switch.o(i.resetSwitches)
    touchDebug                               0x00002109   Thumb Code   986  lab5.o(i.touchDebug)
    testSprite4BPP                           0x0000271c   Data         128  lab5.o(.constdata)
    Flute                                    0x000027fc   Data          64  music.o(.constdata)
    Horn                                     0x0000283c   Data          64  music.o(.constdata)
    Trumpet                                  0x0000287c   Data          64  music.o(.constdata)
    Wave                                     0x000028bc   Data         128  music.o(.constdata)
    dt                                       0x0000293c   Data          64  music.o(.constdata)
    Color4                                   0x00002b5c   Data          32  ssd2119.o(.constdata)
    Region$$Table$$Base                      0x00002b98   Number         0  anon$$obj.o(Region$$Table)
    Region$$Table$$Limit                     0x00002bb8   Number         0  anon$$obj.o(Region$$Table)
    h                                        0x20000000   Data           4  dac.o(.data)
    x                                        0x20000004   Data           4  lab5.o(.data)
    y                                        0x20000008   Data           4  lab5.o(.data)
    i                                        0x2000000c   Data           4  lab5.o(.data)
    yVal                                     0x20000010   Data           4  lab5.o(.data)
    xVal                                     0x20000014   Data           4  lab5.o(.data)
    z1Val                                    0x20000018   Data           4  lab5.o(.data)
    z2Val                                    0x2000001c   Data           4  lab5.o(.data)
    Touched                                  0x20000020   Data           4  lab5.o(.data)
    TouchCounter                             0x20000024   Data           4  lab5.o(.data)
    TouchR2C1                                0x20000028   Data           4  lab5.o(.data)
    TouchR2C2                                0x2000002c   Data           4  lab5.o(.data)
    TouchR2C3                                0x20000030   Data           4  lab5.o(.data)
    TouchR2C4                                0x20000034   Data           4  lab5.o(.data)
    TouchR3C1                                0x20000038   Data           4  lab5.o(.data)
    TouchR3C2                                0x2000003c   Data           4  lab5.o(.data)
    TouchR3C3                                0x20000040   Data           4  lab5.o(.data)
    TouchR3C4                                0x20000044   Data           4  lab5.o(.data)
    firstfac                                 0x20000048   Data           4  lab5.o(.data)
    secondfac                                0x2000004c   Data           4  lab5.o(.data)
    yValold                                  0x20000050   Data           4  lab5.o(.data)
    instrument                               0x20000054   Data           4  lab5.o(.data)
    y1                                       0x20000058   Data           4  lab5.o(.data)
    y2                                       0x2000005c   Data           4  lab5.o(.data)
    y3                                       0x20000060   Data           4  lab5.o(.data)
    y4                                       0x20000064   Data           4  lab5.o(.data)
    y5                                       0x20000068   Data           4  lab5.o(.data)
    y6                                       0x2000006c   Data           4  lab5.o(.data)
    y7                                       0x20000070   Data           4  lab5.o(.data)
    y8                                       0x20000074   Data           4  lab5.o(.data)
    y9                                       0x20000078   Data           4  lab5.o(.data)
    slowflag                                 0x2000007c   Data           4  lab5.o(.data)
    randomcolor                              0x20000080   Data           4  lab5.o(.data)
    demo                                     0x20000084   Data         280  music.o(.data)
    demo1                                    0x2000019c   Data         280  music.o(.data)
    strobe                                   0x200002b4   Data         280  music.o(.data)
    fur_elise                                0x200003cc   Data         280  music.o(.data)
    strobePtr                                0x200004e4   Data           4  music.o(.data)
    furElisePtr                              0x200004e8   Data           4  music.o(.data)
    demoPtr                                  0x200004ec   Data           4  music.o(.data)
    demo1Ptr                                 0x200004f0   Data           4  music.o(.data)
    ii                                       0x200004f4   Data           4  music.o(.data)
    j                                        0x200004f8   Data           4  music.o(.data)
    play                                     0x200004fc   Data           4  switch.o(.data)
    rewind                                   0x20000500   Data           4  switch.o(.data)
    mode                                     0x20000504   Data           4  switch.o(.data)
    pause                                    0x20000508   Data           4  switch.o(.data)
    bNote                                    0x2000050c   Data           4  switch.o(.data)
    fNote                                    0x20000510   Data           4  switch.o(.data)
    aNote                                    0x20000514   Data           4  switch.o(.data)
    eNote                                    0x20000518   Data           4  switch.o(.data)
    counter                                  0x2000051c   Data           4  timer0a.o(.data)
    PeriodicTask                             0x20000520   Data           4  timer0a.o(.data)
    lenPush                                  0x20000524   Data           4  timer0a.o(.data)
    Time                                     0x20000528   Data           2  timer0a.o(.data)
    notePush                                 0x2000052c   Data           4  systick.o(.data)
    count1                                   0x20000530   Data           4  timer1a.o(.data)
    lenPush1                                 0x20000534   Data           4  timer1a.o(.data)
    Touch_WaitForInput                       0x20000538   Data           1  ssd2119.o(.data)
    cursorX                                  0x2000053a   Data           2  ssd2119.o(.data)
    cursorY                                  0x2000053c   Data           2  ssd2119.o(.data)
    textColor                                0x2000053e   Data           2  ssd2119.o(.data)
    Touch_XVal                               0x20000540   Data           2  ssd2119.o(.data)
    Touch_YVal                               0x20000542   Data           2  ssd2119.o(.data)
    _random_number_data                      0x20000548   Data         228  rand.o(.bss)
    __libspace_start                         0x2000062c   Data          96  libspace.o(.bss)
    __temporary_stack_top$libspace           0x2000068c   Data           0  libspace.o(.bss)



==============================================================================

Memory Map of the image

  Image Entry point : 0x0000026d

  Load Region LR_1 (Base: 0x00000000, Size: 0x00003100, Max: 0xffffffff, ABSOLUTE, COMPRESSED[0x00002c24])

    Execution Region ER_RO (Base: 0x00000000, Size: 0x00002bb8, Max: 0xffffffff, ABSOLUTE)

    Base Addr    Size         Type   Attr      Idx    E Section Name        Object

    0x00000000   0x00000284   Code   RO            3  * RESET               startup.o
    0x00000284   0x00000008   Code   RO          588  * !!!main             c_w.l(__main.o)
    0x0000028c   0x00000034   Code   RO          755    !!!scatter          c_w.l(__scatter.o)
    0x000002c0   0x00000064   Code   RO          753    !!dclz77c           c_w.l(__dclz77c.o)
    0x00000324   0x0000001c   Code   RO          757    !!handler_zi        c_w.l(__scatter_zi.o)
    0x00000340   0x00000002   Code   RO          677    .ARM.Collect$$libinit$$00000000  c_w.l(libinit.o)
    0x00000342   0x00000000   Code   RO          598    .ARM.Collect$$libinit$$00000002  c_w.l(libinit2.o)
    0x00000342   0x00000000   Code   RO          601    .ARM.Collect$$libinit$$00000008  c_w.l(libinit2.o)
    0x00000342   0x00000000   Code   RO          603    .ARM.Collect$$libinit$$0000000A  c_w.l(libinit2.o)
    0x00000342   0x00000004   Code   RO          604    .ARM.Collect$$libinit$$0000000B  c_w.l(libinit2.o)
    0x00000346   0x00000000   Code   RO          605    .ARM.Collect$$libinit$$0000000C  c_w.l(libinit2.o)
    0x00000346   0x00000000   Code   RO          608    .ARM.Collect$$libinit$$0000000F  c_w.l(libinit2.o)
    0x00000346   0x00000000   Code   RO          610    .ARM.Collect$$libinit$$00000011  c_w.l(libinit2.o)
    0x00000346   0x00000000   Code   RO          612    .ARM.Collect$$libinit$$00000013  c_w.l(libinit2.o)
    0x00000346   0x00000000   Code   RO          614    .ARM.Collect$$libinit$$00000015  c_w.l(libinit2.o)
    0x00000346   0x00000000   Code   RO          616    .ARM.Collect$$libinit$$00000017  c_w.l(libinit2.o)
    0x00000346   0x00000000   Code   RO          618    .ARM.Collect$$libinit$$00000019  c_w.l(libinit2.o)
    0x00000346   0x00000000   Code   RO          620    .ARM.Collect$$libinit$$0000001B  c_w.l(libinit2.o)
    0x00000346   0x00000000   Code   RO          622    .ARM.Collect$$libinit$$0000001D  c_w.l(libinit2.o)
    0x00000346   0x00000000   Code   RO          624    .ARM.Collect$$libinit$$0000001F  c_w.l(libinit2.o)
    0x00000346   0x00000000   Code   RO          626    .ARM.Collect$$libinit$$00000021  c_w.l(libinit2.o)
    0x00000346   0x00000000   Code   RO          628    .ARM.Collect$$libinit$$00000023  c_w.l(libinit2.o)
    0x00000346   0x00000000   Code   RO          632    .ARM.Collect$$libinit$$0000002A  c_w.l(libinit2.o)
    0x00000346   0x00000000   Code   RO          634    .ARM.Collect$$libinit$$0000002C  c_w.l(libinit2.o)
    0x00000346   0x00000000   Code   RO          636    .ARM.Collect$$libinit$$0000002E  c_w.l(libinit2.o)
    0x00000346   0x00000000   Code   RO          638    .ARM.Collect$$libinit$$00000030  c_w.l(libinit2.o)
    0x00000346   0x00000002   Code   RO          639    .ARM.Collect$$libinit$$00000031  c_w.l(libinit2.o)
    0x00000348   0x00000002   Code   RO          715    .ARM.Collect$$libshutdown$$00000000  c_w.l(libshutdown.o)
    0x0000034a   0x00000000   Code   RO          722    .ARM.Collect$$libshutdown$$00000003  c_w.l(libshutdown2.o)
    0x0000034a   0x00000000   Code   RO          725    .ARM.Collect$$libshutdown$$00000006  c_w.l(libshutdown2.o)
    0x0000034a   0x00000000   Code   RO          728    .ARM.Collect$$libshutdown$$00000009  c_w.l(libshutdown2.o)
    0x0000034a   0x00000000   Code   RO          730    .ARM.Collect$$libshutdown$$0000000B  c_w.l(libshutdown2.o)
    0x0000034a   0x00000000   Code   RO          733    .ARM.Collect$$libshutdown$$0000000E  c_w.l(libshutdown2.o)
    0x0000034a   0x00000002   Code   RO          734    .ARM.Collect$$libshutdown$$0000000F  c_w.l(libshutdown2.o)
    0x0000034c   0x00000000   Code   RO          596    .ARM.Collect$$rtentry$$00000000  c_w.l(rtentry.o)
    0x0000034c   0x00000000   Code   RO          646    .ARM.Collect$$rtentry$$00000002  c_w.l(rtentry2.o)
    0x0000034c   0x00000006   Code   RO          658    .ARM.Collect$$rtentry$$00000004  c_w.l(rtentry4.o)
    0x00000352   0x00000000   Code   RO          648    .ARM.Collect$$rtentry$$00000009  c_w.l(rtentry2.o)
    0x00000352   0x00000004   Code   RO          649    .ARM.Collect$$rtentry$$0000000A  c_w.l(rtentry2.o)
    0x00000356   0x00000000   Code   RO          651    .ARM.Collect$$rtentry$$0000000C  c_w.l(rtentry2.o)
    0x00000356   0x00000008   Code   RO          652    .ARM.Collect$$rtentry$$0000000D  c_w.l(rtentry2.o)
    0x0000035e   0x00000002   Code   RO          683    .ARM.Collect$$rtexit$$00000000  c_w.l(rtexit.o)
    0x00000360   0x00000000   Code   RO          695    .ARM.Collect$$rtexit$$00000002  c_w.l(rtexit2.o)
    0x00000360   0x00000004   Code   RO          696    .ARM.Collect$$rtexit$$00000003  c_w.l(rtexit2.o)
    0x00000364   0x00000006   Code   RO          697    .ARM.Collect$$rtexit$$00000004  c_w.l(rtexit2.o)
    0x0000036a   0x00000002   PAD
    0x0000036c   0x00000034   Code   RO          579    .emb_text           c_w.l(rand.o)
    0x000003a0   0x00000030   Code   RO            4    .text               startup.o
    0x000003d0   0x00000028   Code   RO          574    .text               random.o
    0x000003f8   0x0000003c   Code   RO          580    .text               c_w.l(rand.o)
    0x00000434   0x00000064   Code   RO          584    .text               c_w.l(rt_memcpy_w.o)
    0x00000498   0x00000006   Code   RO          586    .text               c_w.l(heapauxi.o)
    0x0000049e   0x0000004a   Code   RO          664    .text               c_w.l(sys_stackheap_outer.o)
    0x000004e8   0x0000000c   Code   RO          666    .text               c_w.l(exit.o)
    0x000004f4   0x00000008   Code   RO          680    .text               c_w.l(libspace.o)
    0x000004fc   0x00000002   Code   RO          691    .text               c_w.l(use_no_semi.o)
    0x000004fe   0x00000000   Code   RO          693    .text               c_w.l(indicate_semi.o)
    0x000004fe   0x00000002   PAD
    0x00000500   0x0000000c   Code   RO          707    .text               c_w.l(sys_exit.o)
    0x0000050c   0x0000009c   Code   RO          341    i.ADC_Init          ssd2119.o
    0x000005a8   0x0000002c   Code   RO          342    i.ADC_Read          ssd2119.o
    0x000005d4   0x00000040   Code   RO          343    i.ADC_SetChannel    ssd2119.o
    0x00000614   0x000000d4   Code   RO           60    i.Buttons_Init      lab5.o
    0x000006e8   0x00000064   Code   RO           12    i.DAC_Init          dac.o
    0x0000074c   0x000000ac   Code   RO           14    i.DAC_Out           dac.o
    0x000007f8   0x0000021c   Code   RO           62    i.DestabilizeBars   lab5.o
    0x00000a14   0x00000230   Code   RO           63    i.FinishBars        lab5.o
    0x00000c44   0x0000000c   Code   RO          344    i.GPIOPortA_Handler  ssd2119.o
    0x00000c50   0x00000068   Code   RO           64    i.HeartBeat_Init    lab5.o
    0x00000cb8   0x000000f0   Code   RO           65    i.InitializeBars    lab5.o
    0x00000da8   0x00000016   Code   RO          345    i.LCD_ColorFill     ssd2119.o
    0x00000dbe   0x00000052   Code   RO          349    i.LCD_DrawFilledRect  ssd2119.o
    0x00000e10   0x000000e4   Code   RO          350    i.LCD_DrawImage     ssd2119.o
    0x00000ef4   0x000000dc   Code   RO          355    i.LCD_GPIOInit      ssd2119.o
    0x00000fd0   0x000001a4   Code   RO          357    i.LCD_Init          ssd2119.o
    0x00001174   0x00000014   Code   RO          364    i.LCD_SetCursor     ssd2119.o
    0x00001188   0x0000001c   Code   RO          365    i.LCD_SetTextColor  ssd2119.o
    0x000011a4   0x00000068   Code   RO          366    i.LCD_WriteCommand  ssd2119.o
    0x0000120c   0x00000068   Code   RO          367    i.LCD_WriteData     ssd2119.o
    0x00001274   0x000004d8   Code   RO           67    i.MovingColorBars   lab5.o
    0x0000174c   0x00000144   Code   RO          223    i.Music_Play        music.o
    0x00001890   0x0000003c   Code   RO           70    i.Random4BPPTestSprite  lab5.o
    0x000018cc   0x0000000c   Code   RO          298    i.SysTick_Handler   systick.o
    0x000018d8   0x00000038   Code   RO          299    i.SysTick_Init      systick.o
    0x00001910   0x00000034   Code   RO          273    i.Timer0A_Handler   timer0a.o
    0x00001944   0x00000074   Code   RO          274    i.Timer0A_Init      timer0a.o
    0x000019b8   0x00000030   Code   RO          319    i.Timer1A_Handler   timer1a.o
    0x000019e8   0x00000074   Code   RO          320    i.Timer1A_Init      timer1a.o
    0x00001a5c   0x0000005c   Code   RO          369    i.Touch_GetCoords   ssd2119.o
    0x00001ab8   0x00000060   Code   RO          370    i.Touch_Init        ssd2119.o
    0x00001b18   0x0000012c   Code   RO          371    i.Touch_ReadX       ssd2119.o
    0x00001c44   0x00000110   Code   RO          372    i.Touch_ReadY       ssd2119.o
    0x00001d54   0x00000108   Code   RO          373    i.Touch_ReadZ1      ssd2119.o
    0x00001e5c   0x00000120   Code   RO          374    i.Touch_ReadZ2      ssd2119.o
    0x00001f7c   0x00000014   Code   RO          376    i.convertColor      ssd2119.o
    0x00001f90   0x00000020   Code   RO           16    i.delay             dac.o
    0x00001fb0   0x00000010   Code   RO           76    i.dlay              lab5.o
    0x00001fc0   0x00000124   Code   RO           77    i.main              lab5.o
    0x000020e4   0x00000024   Code   RO          258    i.resetSwitches     switch.o
    0x00002108   0x00000434   Code   RO           80    i.touchDebug        lab5.o
    0x0000253c   0x000002c0   Data   RO           81    .constdata          lab5.o
    0x000027fc   0x00000180   Data   RO          224    .constdata          music.o
    0x0000297c   0x0000021c   Data   RO          378    .constdata          ssd2119.o
    0x00002b98   0x00000020   Data   RO          751    Region$$Table       anon$$obj.o


    Execution Region ER_RW (Base: 0x20000000, Size: 0x00000548, Max: 0xffffffff, ABSOLUTE, COMPRESSED[0x0000006c])

    Base Addr    Size         Type   Attr      Idx    E Section Name        Object

    0x20000000   0x00000004   Data   RW           17    .data               dac.o
    0x20000004   0x00000080   Data   RW           82    .data               lab5.o
    0x20000084   0x00000478   Data   RW          225    .data               music.o
    0x200004fc   0x00000020   Data   RW          259    .data               switch.o
    0x2000051c   0x0000000e   Data   RW          275    .data               timer0a.o
    0x2000052a   0x00000002   PAD
    0x2000052c   0x00000004   Data   RW          300    .data               systick.o
    0x20000530   0x00000008   Data   RW          321    .data               timer1a.o
    0x20000538   0x0000000c   Data   RW          379    .data               ssd2119.o
    0x20000544   0x00000004   Data   RW          573    DATA                random.o


    Execution Region ER_ZI (Base: 0x20000548, Size: 0x00000548, Max: 0xffffffff, ABSOLUTE)

    Base Addr    Size         Type   Attr      Idx    E Section Name        Object

    0x20000548   0x000000e4   Zero   RW          581    .bss                c_w.l(rand.o)
    0x2000062c   0x00000060   Zero   RW          681    .bss                c_w.l(libspace.o)
    0x2000068c   0x00000004   PAD
    0x20000690   0x00000000   Zero   RW            2    HEAP                startup.o
    0x20000690   0x00000400   Zero   RW            1    STACK               startup.o


==============================================================================

Image component sizes


      Code (inc. data)   RO Data    RW Data    ZI Data      Debug   Object Name

       304         36          0          4          0       5685   dac.o
      4340        254        704        128          0       8702   lab5.o
       324         36        384       1144          0       2900   music.o
        40         12          0          4          0        192   random.o
      2836        290        540         12          0      13740   ssd2119.o
       692        632          0          0       1024        908   startup.o
        36         16          0         32          0       1325   switch.o
        68         14          0          4          0        968   systick.o
       168         34          0         14          0       1761   timer0a.o
       164         32          0          8          0       1103   timer1a.o

    ----------------------------------------------------------------------
      8972       1356       1660       1352       1024      37284   Object Totals
         0          0         32          0          0          0   (incl. Generated)
         0          0          0          2          0          0   (incl. Padding)

    ----------------------------------------------------------------------

      Code (inc. data)   RO Data    RW Data    ZI Data      Debug   Library Member Name

       100          0          0          0          0          0   __dclz77c.o
         8          0          0          0          0         68   __main.o
        52          8          0          0          0          0   __scatter.o
        28          0          0          0          0          0   __scatter_zi.o
        12          0          0          0          0         72   exit.o
         6          0          0          0          0        152   heapauxi.o
         0          0          0          0          0          0   indicate_semi.o
         2          0          0          0          0          0   libinit.o
         6          0          0          0          0          0   libinit2.o
         2          0          0          0          0          0   libshutdown.o
         2          0          0          0          0          0   libshutdown2.o
         8          4          0          0         96         68   libspace.o
       112         18          0          0        228        160   rand.o
       100          0          0          0          0         80   rt_memcpy_w.o
         0          0          0          0          0          0   rtentry.o
        12          0          0          0          0          0   rtentry2.o
         6          0          0          0          0          0   rtentry4.o
         2          0          0          0          0          0   rtexit.o
        10          0          0          0          0          0   rtexit2.o
        12          4          0          0          0         68   sys_exit.o
        74          0          0          0          0         80   sys_stackheap_outer.o
         2          0          0          0          0         68   use_no_semi.o

    ----------------------------------------------------------------------
       560         34          0          0        328        816   Library Totals
         4          0          0          0          4          0   (incl. Padding)

    ----------------------------------------------------------------------

      Code (inc. data)   RO Data    RW Data    ZI Data      Debug   Library Name

       556         34          0          0        324        816   c_w.l

    ----------------------------------------------------------------------
       560         34          0          0        328        816   Library Totals

    ----------------------------------------------------------------------

==============================================================================


      Code (inc. data)   RO Data    RW Data    ZI Data      Debug   

      9532       1390       1660       1352       1352      35656   Grand Totals
      9532       1390       1660        108       1352      35656   ELF Image Totals (compressed)
      9532       1390       1660        108          0          0   ROM Totals

==============================================================================

    Total RO  Size (Code + RO Data)                11192 (  10.93kB)
    Total RW  Size (RW Data + ZI Data)              2704 (   2.64kB)
    Total ROM Size (Code + RO Data + RW Data)      11300 (  11.04kB)

==============================================================================

