<html>
<body>
<pre>
<h1>µVision Build Log</h1>
<h2>Project:</h2>
C:\Users\Nick\Desktop\DJ-Setup\DJ-Setup\Kentec_DJ\LCDTest.uvproj
Project File Date:  06/28/2016

<h2>Output:</h2>
Rebuild target 'LCDTest'
assembling startup.s...
compiling PLL.c...
compiling SSD2119.c...
assembling random.s...
compiling LCDTestMain.c...
linking...
Program Size: Code=4932 RO-data=572 RW-data=100 ZI-data=1028  
".\LCDTest.axf" - 0 Error(s), 0 Warning(s).
Load "C:\\Users\\Nick\\Desktop\\DJ-Setup\\DJ-Setup\\Kentec_DJ\\LCDTest.axf" 
Connecting: Mode=JTAG, Speed=1000000Hz
Erase Done.
Programming Done.
Verify OK.
</pre>
</body>
</html>
